Component: ARM Compiler 5.06 update 6 (build 750) Tool: armlink [4d35ed]

==============================================================================

Section Cross References

    startup_stm32f103xe.o(RESET) refers to startup_stm32f103xe.o(STACK) for __initial_sp
    startup_stm32f103xe.o(RESET) refers to startup_stm32f103xe.o(.text) for Reset_Handler
    startup_stm32f103xe.o(RESET) refers to stm32f1xx_it.o(i.NMI_Handler) for NMI_Handler
    startup_stm32f103xe.o(RESET) refers to stm32f1xx_it.o(i.HardFault_Handler) for HardFault_Handler
    startup_stm32f103xe.o(RESET) refers to stm32f1xx_it.o(i.MemManage_Handler) for MemManage_Handler
    startup_stm32f103xe.o(RESET) refers to stm32f1xx_it.o(i.BusFault_Handler) for BusFault_Handler
    startup_stm32f103xe.o(RESET) refers to stm32f1xx_it.o(i.UsageFault_Handler) for UsageFault_Handler
    startup_stm32f103xe.o(RESET) refers to stm32f1xx_it.o(i.SVC_Handler) for SVC_Handler
    startup_stm32f103xe.o(RESET) refers to stm32f1xx_it.o(i.DebugMon_Handler) for DebugMon_Handler
    startup_stm32f103xe.o(RESET) refers to stm32f1xx_it.o(i.PendSV_Handler) for PendSV_Handler
    startup_stm32f103xe.o(RESET) refers to stm32f1xx_it.o(i.SysTick_Handler) for SysTick_Handler
    startup_stm32f103xe.o(.text) refers to system_stm32f1xx.o(i.SystemInit) for SystemInit
    startup_stm32f103xe.o(.text) refers to entry.o(.ARM.Collect$$$$00000000) for __main
    main.o(i.SystemClock_Config) refers to memseta.o(.text) for __aeabi_memclr4
    main.o(i.SystemClock_Config) refers to stm32f1xx_hal_rcc.o(i.HAL_RCC_OscConfig) for HAL_RCC_OscConfig
    main.o(i.SystemClock_Config) refers to stm32f1xx_hal_rcc.o(i.HAL_RCC_ClockConfig) for HAL_RCC_ClockConfig
    main.o(i.main) refers to stm32f1xx_hal.o(i.HAL_Init) for HAL_Init
    main.o(i.main) refers to main.o(i.SystemClock_Config) for SystemClock_Config
    main.o(i.main) refers to gpio.o(i.MX_GPIO_Init) for MX_GPIO_Init
    main.o(i.main) refers to usart.o(i.MX_USART1_UART_Init) for MX_USART1_UART_Init
    main.o(i.main) refers to vl53l0x.o(i.VL53L0x_Init) for VL53L0x_Init
    main.o(i.main) refers to printf8.o(i.__0printf$8) for __2printf
    main.o(i.main) refers to stm32f1xx_hal.o(i.HAL_Delay) for HAL_Delay
    main.o(i.main) refers to vl53l0x.o(i.VL53L1_single_test) for VL53L1_single_test
    main.o(i.main) refers to delay.o(i.delay_ms) for delay_ms
    main.o(i.main) refers to main.o(.bss) for .bss
    gpio.o(i.MX_GPIO_Init) refers to stm32f1xx_hal_gpio.o(i.HAL_GPIO_WritePin) for HAL_GPIO_WritePin
    gpio.o(i.MX_GPIO_Init) refers to stm32f1xx_hal_gpio.o(i.HAL_GPIO_Init) for HAL_GPIO_Init
    usart.o(i.HAL_UART_MspDeInit) refers to stm32f1xx_hal_gpio.o(i.HAL_GPIO_DeInit) for HAL_GPIO_DeInit
    usart.o(i.HAL_UART_MspInit) refers to stm32f1xx_hal_gpio.o(i.HAL_GPIO_Init) for HAL_GPIO_Init
    usart.o(i.MX_USART1_UART_Init) refers to stm32f1xx_hal_uart.o(i.HAL_UART_Init) for HAL_UART_Init
    usart.o(i.MX_USART1_UART_Init) refers to main.o(i.Error_Handler) for Error_Handler
    usart.o(i.MX_USART1_UART_Init) refers to usart.o(.bss) for .bss
    usart.o(i.fputc) refers to stm32f1xx_hal_uart.o(i.HAL_UART_Transmit) for HAL_UART_Transmit
    usart.o(i.fputc) refers to usart.o(.bss) for .bss
    stm32f1xx_it.o(i.SysTick_Handler) refers to stm32f1xx_hal.o(i.HAL_IncTick) for HAL_IncTick
    stm32f1xx_hal_uart.o(i.HAL_HalfDuplex_Init) refers to usart.o(i.HAL_UART_MspInit) for HAL_UART_MspInit
    stm32f1xx_hal_uart.o(i.HAL_HalfDuplex_Init) refers to stm32f1xx_hal_uart.o(i.UART_SetConfig) for UART_SetConfig
    stm32f1xx_hal_uart.o(i.HAL_LIN_Init) refers to usart.o(i.HAL_UART_MspInit) for HAL_UART_MspInit
    stm32f1xx_hal_uart.o(i.HAL_LIN_Init) refers to stm32f1xx_hal_uart.o(i.UART_SetConfig) for UART_SetConfig
    stm32f1xx_hal_uart.o(i.HAL_MultiProcessor_Init) refers to usart.o(i.HAL_UART_MspInit) for HAL_UART_MspInit
    stm32f1xx_hal_uart.o(i.HAL_MultiProcessor_Init) refers to stm32f1xx_hal_uart.o(i.UART_SetConfig) for UART_SetConfig
    stm32f1xx_hal_uart.o(i.HAL_UART_Abort) refers to stm32f1xx_hal_dma.o(i.HAL_DMA_Abort) for HAL_DMA_Abort
    stm32f1xx_hal_uart.o(i.HAL_UART_Abort) refers to stm32f1xx_hal_dma.o(i.HAL_DMA_GetError) for HAL_DMA_GetError
    stm32f1xx_hal_uart.o(i.HAL_UART_AbortReceive) refers to stm32f1xx_hal_dma.o(i.HAL_DMA_Abort) for HAL_DMA_Abort
    stm32f1xx_hal_uart.o(i.HAL_UART_AbortReceive) refers to stm32f1xx_hal_dma.o(i.HAL_DMA_GetError) for HAL_DMA_GetError
    stm32f1xx_hal_uart.o(i.HAL_UART_AbortReceive_IT) refers to stm32f1xx_hal_dma.o(i.HAL_DMA_Abort_IT) for HAL_DMA_Abort_IT
    stm32f1xx_hal_uart.o(i.HAL_UART_AbortReceive_IT) refers to stm32f1xx_hal_uart.o(i.HAL_UART_AbortReceiveCpltCallback) for HAL_UART_AbortReceiveCpltCallback
    stm32f1xx_hal_uart.o(i.HAL_UART_AbortReceive_IT) refers to stm32f1xx_hal_uart.o(i.UART_DMARxOnlyAbortCallback) for UART_DMARxOnlyAbortCallback
    stm32f1xx_hal_uart.o(i.HAL_UART_AbortTransmit) refers to stm32f1xx_hal_dma.o(i.HAL_DMA_Abort) for HAL_DMA_Abort
[...]
    Removing vl53l0x_i2c_win_serial_comms.o(.rrx_text), (6 bytes).
    Removing vl53l0x_i2c_win_serial_comms.o(i.VL53L0X_comms_close), (4 bytes).
    Removing vl53l0x_i2c_win_serial_comms.o(i.VL53L0X_cycle_power), (4 bytes).
    Removing vl53l0x_i2c_win_serial_comms.o(i.VL53L0X_get_gpio), (4 bytes).
    Removing vl53l0x_i2c_win_serial_comms.o(i.VL53L0X_get_timer_frequency), (8 bytes).
    Removing vl53l0x_i2c_win_serial_comms.o(i.VL53L0X_get_timer_value), (8 bytes).
    Removing vl53l0x_i2c_win_serial_comms.o(i.VL53L0X_i2c_init), (4 bytes).
    Removing vl53l0x_i2c_win_serial_comms.o(i.VL53L0X_platform_wait_us), (4 bytes).
    Removing vl53l0x_i2c_win_serial_comms.o(i.VL53L0X_read_byte16), (4 bytes).
    Removing vl53l0x_i2c_win_serial_comms.o(i.VL53L0X_read_dword16), (30 bytes).
    Removing vl53l0x_i2c_win_serial_comms.o(i.VL53L0X_read_multi16), (4 bytes).
    Removing vl53l0x_i2c_win_serial_comms.o(i.VL53L0X_read_word16), (14 bytes).
    Removing vl53l0x_i2c_win_serial_comms.o(i.VL53L0X_release_gpio), (4 bytes).
    Removing vl53l0x_i2c_win_serial_comms.o(i.VL53L0X_set_gpio), (4 bytes).
    Removing vl53l0x_i2c_win_serial_comms.o(i.VL53L0X_wait_ms), (4 bytes).
    Removing vl53l0x_i2c_win_serial_comms.o(i.VL53L0X_write_byte16), (4 bytes).
    Removing vl53l0x_i2c_win_serial_comms.o(i.VL53L0X_write_dword), (34 bytes).
    Removing vl53l0x_i2c_win_serial_comms.o(i.VL53L0X_write_dword16), (4 bytes).
    Removing vl53l0x_i2c_win_serial_comms.o(i.VL53L0X_write_multi16), (4 bytes).
    Removing vl53l0x_i2c_win_serial_comms.o(i.VL53L0X_write_word16), (4 bytes).
    Removing vl53l0x_i2c_win_serial_comms.o(.bss), (256 bytes).
    Removing vl53l0x_i2c_win_serial_comms.o(.data), (1 bytes).
    Removing sys.o(.rev16_text), (4 bytes).
    Removing sys.o(.revsh_text), (4 bytes).
    Removing sys.o(.rrx_text), (6 bytes).
    Removing sys.o(.emb_text), (6 bytes).
    Removing sys.o(i.INTX_DISABLE), (4 bytes).
    Removing sys.o(i.INTX_ENABLE), (4 bytes).
    Removing sys.o(i.Stm32_Clock_Init), (68 bytes).
    Removing sys.o(i.WFI_SET), (4 bytes).
    Removing delay.o(.rev16_text), (4 bytes).
    Removing delay.o(.revsh_text), (4 bytes).
    Removing delay.o(.rrx_text), (6 bytes).
    Removing delay.o(i.delay_init), (20 bytes).
    Removing vl53l0x.o(.rev16_text), (4 bytes).
    Removing vl53l0x.o(.revsh_text), (4 bytes).
    Removing vl53l0x.o(.rrx_text), (6 bytes).
    Removing vl53l0x.o(.bss), (99 bytes).
    Removing dadd.o(.text), (334 bytes).
    Removing dmul.o(.text), (228 bytes).
    Removing ddiv.o(.text), (222 bytes).
    Removing dfixul.o(.text), (48 bytes).
    Removing cdrcmple.o(.text), (48 bytes).
    Removing depilogue.o(.text), (186 bytes).

370 unused section(s) (total 18442 bytes) removed from the image.

==============================================================================

Image Symbol Table

    Local Symbols

    Symbol Name                              Value     Ov Type        Size  Object(Section)

    ../Drivers/STM32F1xx_HAL_Driver/Src/stm32f1xx_hal.c 0x00000000   Number         0  stm32f1xx_hal.o ABSOLUTE
    ../Drivers/STM32F1xx_HAL_Driver/Src/stm32f1xx_hal_cortex.c 0x00000000   Number         0  stm32f1xx_hal_cortex.o ABSOLUTE
    ../Drivers/STM32F1xx_HAL_Driver/Src/stm32f1xx_hal_dma.c 0x00000000   Number         0  stm32f1xx_hal_dma.o ABSOLUTE
    ../Drivers/STM32F1xx_HAL_Driver/Src/stm32f1xx_hal_exti.c 0x00000000   Number         0  stm32f1xx_hal_exti.o ABSOLUTE
    ../Drivers/STM32F1xx_HAL_Driver/Src/stm32f1xx_hal_flash.c 0x00000000   Number         0  stm32f1xx_hal_flash.o ABSOLUTE
    ../Drivers/STM32F1xx_HAL_Driver/Src/stm32f1xx_hal_flash_ex.c 0x00000000   Number         0  stm32f1xx_hal_flash_ex.o ABSOLUTE
    ../Drivers/STM32F1xx_HAL_Driver/Src/stm32f1xx_hal_gpio.c 0x00000000   Number         0  stm32f1xx_hal_gpio.o ABSOLUTE
    ../Drivers/STM32F1xx_HAL_Driver/Src/stm32f1xx_hal_gpio_ex.c 0x00000000   Number         0  stm32f1xx_hal_gpio_ex.o ABSOLUTE
    ../Drivers/STM32F1xx_HAL_Driver/Src/stm32f1xx_hal_pwr.c 0x00000000   Number         0  stm32f1xx_hal_pwr.o ABSOLUTE
    ../Drivers/STM32F1xx_HAL_Driver/Src/stm32f1xx_hal_rcc.c 0x00000000   Number         0  stm32f1xx_hal_rcc.o ABSOLUTE
    ../Drivers/STM32F1xx_HAL_Driver/Src/stm32f1xx_hal_rcc_ex.c 0x00000000   Number         0  stm32f1xx_hal_rcc_ex.o ABSOLUTE
    ../Drivers/STM32F1xx_HAL_Driver/Src/stm32f1xx_hal_tim.c 0x00000000   Number         0  stm32f1xx_hal_tim.o ABSOLUTE
    ../Drivers/STM32F1xx_HAL_Driver/Src/stm32f1xx_hal_tim_ex.c 0x00000000   Number         0  stm32f1xx_hal_tim_ex.o ABSOLUTE
    ../Drivers/STM32F1xx_HAL_Driver/Src/stm32f1xx_hal_uart.c 0x00000000   Number         0  stm32f1xx_hal_uart.o ABSOLUTE
    ../Src/gpio.c                            0x00000000   Number         0  gpio.o ABSOLUTE
    ../Src/main.c                            0x00000000   Number         0  main.o ABSOLUTE
    ../Src/stm32f1xx_hal_msp.c               0x00000000   Number         0  stm32f1xx_hal_msp.o ABSOLUTE
    ../Src/stm32f1xx_it.c                    0x00000000   Number         0  stm32f1xx_it.o ABSOLUTE
    ../Src/system_stm32f1xx.c                0x00000000   Number         0  system_stm32f1xx.o ABSOLUTE
    ../Src/usart.c                           0x00000000   Number         0  usart.o ABSOLUTE
    ../clib/../cmprslib/lz77c.c              0x00000000   Number         0  __dclz77c.o ABSOLUTE
    ../clib/microlib/division.c              0x00000000   Number         0  uldiv.o ABSOLUTE
    ../clib/microlib/division.c              0x00000000   Number         0  uidiv.o ABSOLUTE
    ../clib/microlib/init/entry.s            0x00000000   Number         0  entry7b.o ABSOLUTE
    ../clib/microlib/init/entry.s            0x00000000   Number         0  entry11b.o ABSOLUTE
    ../clib/microlib/init/entry.s            0x00000000   Number         0  entry8a.o ABSOLUTE
    ../clib/microlib/init/entry.s            0x00000000   Number         0  entry7a.o ABSOLUTE
    ../clib/microlib/init/entry.s            0x00000000   Number         0  entry11a.o ABSOLUTE
    ../clib/microlib/init/entry.s            0x00000000   Number         0  entry5.o ABSOLUTE
    ../clib/microlib/init/entry.s            0x00000000   Number         0  entry2.o ABSOLUTE
    ../clib/microlib/init/entry.s            0x00000000   Number         0  entry8b.o ABSOLUTE
    ../clib/microlib/init/entry.s            0x00000000   Number         0  entry9a.o ABSOLUTE
    ../clib/microlib/init/entry.s            0x00000000   Number         0  entry9b.o ABSOLUTE
    ../clib/microlib/init/entry.s            0x00000000   Number         0  entry10a.o ABSOLUTE
    ../clib/microlib/init/entry.s            0x00000000   Number         0  entry10b.o ABSOLUTE
    ../clib/microlib/init/entry.s            0x00000000   Number         0  entry.o ABSOLUTE
    ../clib/microlib/longlong.c              0x00000000   Number         0  llushr.o ABSOLUTE
    ../clib/microlib/longlong.c              0x00000000   Number         0  llshl.o ABSOLUTE
    ../clib/microlib/longlong.c              0x00000000   Number         0  llsshr.o ABSOLUTE
    ../clib/microlib/printf/printf.c         0x00000000   Number         0  printf3.o ABSOLUTE
    ../clib/microlib/printf/printf.c         0x00000000   Number         0  printf4.o ABSOLUTE
    ../clib/microlib/printf/printf.c         0x00000000   Number         0  printfa.o ABSOLUTE
    ../clib/microlib/printf/printf.c         0x00000000   Number         0  printf8.o ABSOLUTE
    ../clib/microlib/printf/printf.c         0x00000000   Number         0  printf7.o ABSOLUTE
    ../clib/microlib/printf/printf.c         0x00000000   Number         0  printf2.o ABSOLUTE
    ../clib/microlib/printf/printf.c         0x00000000   Number         0  printf1.o ABSOLUTE
    ../clib/microlib/printf/printf.c         0x00000000   Number         0  printf0.o ABSOLUTE
    ../clib/microlib/printf/printf.c         0x00000000   Number         0  printf6.o ABSOLUTE
    ../clib/microlib/printf/printf.c         0x00000000   Number         0  printf5.o ABSOLUTE
    ../clib/microlib/printf/printf.c         0x00000000   Number         0  printfb.o ABSOLUTE
    ../clib/microlib/printf/stubs.s          0x00000000   Number         0  stubs.o ABSOLUTE
    ../clib/microlib/stdio/streams.c         0x00000000   Number         0  stdout.o ABSOLUTE
    ../clib/microlib/string/memcpy.c         0x00000000   Number         0  memcpya.o ABSOLUTE
    ../clib/microlib/string/memcpy.c         0x00000000   Number         0  memcpyb.o ABSOLUTE
    ../clib/microlib/string/memset.c         0x00000000   Number         0  memseta.o ABSOLUTE
    ../clib/microlib/string/strcpy.c         0x00000000   Number         0  strcpy.o ABSOLUTE
    ../clib/microlib/stubs.s                 0x00000000   Number         0  iusefp.o ABSOLUTE
    ../fplib/microlib/fpadd.c                0x00000000   Number         0  dadd.o ABSOLUTE
    ../fplib/microlib/fpdiv.c                0x00000000   Number         0  ddiv.o ABSOLUTE
    ../fplib/microlib/fpepilogue.c           0x00000000   Number         0  depilogue.o ABSOLUTE
    ../fplib/microlib/fpfix.c                0x00000000   Number         0  dfixul.o ABSOLUTE
    ../fplib/microlib/fpmul.c                0x00000000   Number         0  dmul.o ABSOLUTE
    ..\Drivers\STM32F1xx_HAL_Driver\Src\stm32f1xx_hal.c 0x00000000   Number         0  stm32f1xx_hal.o ABSOLUTE
    ..\Drivers\STM32F1xx_HAL_Driver\Src\stm32f1xx_hal_cortex.c 0x00000000   Number         0  stm32f1xx_hal_cortex.o ABSOLUTE
    ..\Drivers\STM32F1xx_HAL_Driver\Src\stm32f1xx_hal_dma.c 0x00000000   Number         0  stm32f1xx_hal_dma.o ABSOLUTE
    ..\Drivers\STM32F1xx_HAL_Driver\Src\stm32f1xx_hal_exti.c 0x00000000   Number         0  stm32f1xx_hal_exti.o ABSOLUTE
    ..\Drivers\STM32F1xx_HAL_Driver\Src\stm32f1xx_hal_flash.c 0x00000000   Number         0  stm32f1xx_hal_flash.o ABSOLUTE
    ..\Drivers\STM32F1xx_HAL_Driver\Src\stm32f1xx_hal_flash_ex.c 0x00000000   Number         0  stm32f1xx_hal_flash_ex.o ABSOLUTE
    ..\Drivers\STM32F1xx_HAL_Driver\Src\stm32f1xx_hal_gpio.c 0x00000000   Number         0  stm32f1xx_hal_gpio.o ABSOLUTE
    ..\Drivers\STM32F1xx_HAL_Driver\Src\stm32f1xx_hal_gpio_ex.c 0x00000000   Number         0  stm32f1xx_hal_gpio_ex.o ABSOLUTE
    ..\Drivers\STM32F1xx_HAL_Driver\Src\stm32f1xx_hal_pwr.c 0x00000000   Number         0  stm32f1xx_hal_pwr.o ABSOLUTE
    ..\Drivers\STM32F1xx_HAL_Driver\Src\stm32f1xx_hal_rcc.c 0x00000000   Number         0  stm32f1xx_hal_rcc.o ABSOLUTE
    ..\Drivers\STM32F1xx_HAL_Driver\Src\stm32f1xx_hal_rcc_ex.c 0x00000000   Number         0  stm32f1xx_hal_rcc_ex.o ABSOLUTE
    ..\Drivers\STM32F1xx_HAL_Driver\Src\stm32f1xx_hal_tim.c 0x00000000   Number         0  stm32f1xx_hal_tim.o ABSOLUTE
    ..\Drivers\STM32F1xx_HAL_Driver\Src\stm32f1xx_hal_tim_ex.c 0x00000000   Number         0  stm32f1xx_hal_tim_ex.o ABSOLUTE
    ..\Drivers\STM32F1xx_HAL_Driver\Src\stm32f1xx_hal_uart.c 0x00000000   Number         0  stm32f1xx_hal_uart.o ABSOLUTE
    ..\Src\gpio.c                            0x00000000   Number         0  gpio.o ABSOLUTE
    ..\Src\main.c                            0x00000000   Number         0  main.o ABSOLUTE
    ..\Src\stm32f1xx_hal_msp.c               0x00000000   Number         0  stm32f1xx_hal_msp.o ABSOLUTE
    ..\Src\stm32f1xx_it.c                    0x00000000   Number         0  stm32f1xx_it.o ABSOLUTE
    ..\Src\system_stm32f1xx.c                0x00000000   Number         0  system_stm32f1xx.o ABSOLUTE
    ..\Src\usart.c                           0x00000000   Number         0  usart.o ABSOLUTE
    cdrcmple.s                               0x00000000   Number         0  cdrcmple.o ABSOLUTE
    core\src\vl53l0x_api.c                   0x00000000   Number         0  vl53l0x_api.o ABSOLUTE
    core\src\vl53l0x_api_calibration.c       0x00000000   Number         0  vl53l0x_api_calibration.o ABSOLUTE
    core\src\vl53l0x_api_core.c              0x00000000   Number         0  vl53l0x_api_core.o ABSOLUTE
    core\src\vl53l0x_api_ranging.c           0x00000000   Number         0  vl53l0x_api_ranging.o ABSOLUTE
    core\src\vl53l0x_api_strings.c           0x00000000   Number         0  vl53l0x_api_strings.o ABSOLUTE
    dc.s                                     0x00000000   Number         0  dc.o ABSOLUTE
    delay\\delay.c                           0x00000000   Number         0  delay.o ABSOLUTE
    delay\delay.c                            0x00000000   Number         0  delay.o ABSOLUTE
    demo\\vl53l0x.c                          0x00000000   Number         0  vl53l0x.o ABSOLUTE
    demo\vl53l0x.c                           0x00000000   Number         0  vl53l0x.o ABSOLUTE
    handlers.s                               0x00000000   Number         0  handlers.o ABSOLUTE
    i2c_dup.c                                0x00000000   Number         0  i2c_dup.o ABSOLUTE
    i2c_dup.c                                0x00000000   Number         0  i2c_dup.o ABSOLUTE
    init.s                                   0x00000000   Number         0  init.o ABSOLUTE
    platform\\src\\vl53l0x_i2c_win_serial_comms.c 0x00000000   Number         0  vl53l0x_i2c_win_serial_comms.o ABSOLUTE
    platform\src\vl53l0x_i2c_win_serial_comms.c 0x00000000   Number         0  vl53l0x_i2c_win_serial_comms.o ABSOLUTE
    platform\src\vl53l0x_platform.c          0x00000000   Number         0  vl53l0x_platform.o ABSOLUTE
    startup_stm32f103xe.s                    0x00000000   Number         0  startup_stm32f103xe.o ABSOLUTE
    sys\\sys.c                               0x00000000   Number         0  sys.o ABSOLUTE
    sys\sys.c                                0x00000000   Number         0  sys.o ABSOLUTE
    RESET                                    0x08000000   Section      304  startup_stm32f103xe.o(RESET)
    .ARM.Collect$$$$00000000                 0x08000130   Section        0  entry.o(.ARM.Collect$$$$00000000)
    .ARM.Collect$$$$00000001                 0x08000130   Section        4  entry2.o(.ARM.Collect$$$$00000001)
    .ARM.Collect$$$$00000004                 0x08000134   Section        4  entry5.o(.ARM.Collect$$$$00000004)
    .ARM.Collect$$$$00000008                 0x08000138   Section        0  entry7b.o(.ARM.Collect$$$$00000008)
    .ARM.Collect$$$$0000000A                 0x08000138   Section        0  entry8b.o(.ARM.Collect$$$$0000000A)
    .ARM.Collect$$$$0000000B                 0x08000138   Section        8  entry9a.o(.ARM.Collect$$$$0000000B)
    .ARM.Collect$$$$0000000D                 0x08000140   Section        0  entry10a.o(.ARM.Collect$$$$0000000D)
    .ARM.Collect$$$$0000000F                 0x08000140   Section        0  entry11a.o(.ARM.Collect$$$$0000000F)
    .ARM.Collect$$$$00002712                 0x08000140   Section        4  entry2.o(.ARM.Collect$$$$00002712)
    __lit__00000000                          0x08000140   Data           4  entry2.o(.ARM.Collect$$$$00002712)
    .text                                    0x08000144   Section       36  startup_stm32f103xe.o(.text)
    .text                                    0x08000168   Section        0  llushr.o(.text)
    .text                                    0x08000188   Section        0  memcpya.o(.text)
    .text                                    0x080001ac   Section        0  memseta.o(.text)
    .text                                    0x080001d0   Section        0  strcpy.o(.text)
    .text                                    0x080001e2   Section        0  uldiv.o(.text)
    .text                                    0x08000244   Section       36  init.o(.text)
    .text                                    0x08000268   Section        0  llshl.o(.text)
    .text                                    0x08000286   Section        0  __dclz77c.o(.text)
    i.BusFault_Handler                       0x080002e4   Section        0  stm32f1xx_it.o(i.BusFault_Handler)
    i.DebugMon_Handler                       0x080002e6   Section        0  stm32f1xx_it.o(i.DebugMon_Handler)
    i.Error_Handler                          0x080002e8   Section        0  main.o(i.Error_Handler)
    i.HAL_Delay                              0x080002ec   Section        0  stm32f1xx_hal.o(i.HAL_Delay)
    i.HAL_GPIO_Init                          0x08000310   Section        0  stm32f1xx_hal_gpio.o(i.HAL_GPIO_Init)
    i.HAL_GPIO_WritePin                      0x08000508   Section        0  stm32f1xx_hal_gpio.o(i.HAL_GPIO_WritePin)
    i.HAL_GetTick                            0x08000514   Section        0  stm32f1xx_hal.o(i.HAL_GetTick)
    i.HAL_IncTick                            0x08000520   Section        0  stm32f1xx_hal.o(i.HAL_IncTick)
    i.HAL_Init                               0x08000530   Section        0  stm32f1xx_hal.o(i.HAL_Init)
    i.HAL_InitTick                           0x08000554   Section        0  stm32f1xx_hal.o(i.HAL_InitTick)
    i.HAL_MspInit                            0x08000594   Section        0  stm32f1xx_hal_msp.o(i.HAL_MspInit)
    i.HAL_NVIC_SetPriority                   0x080005d0   Section        0  stm32f1xx_hal_cortex.o(i.HAL_NVIC_SetPriority)
    i.HAL_NVIC_SetPriorityGrouping           0x08000610   Section        0  stm32f1xx_hal_cortex.o(i.HAL_NVIC_SetPriorityGrouping)
    i.HAL_RCC_ClockConfig                    0x08000634   Section        0  stm32f1xx_hal_rcc.o(i.HAL_RCC_ClockConfig)
    i.HAL_RCC_GetPCLK1Freq                   0x08000760   Section        0  stm32f1xx_hal_rcc.o(i.HAL_RCC_GetPCLK1Freq)
    i.HAL_RCC_GetPCLK2Freq                   0x08000780   Section        0  stm32f1xx_hal_rcc.o(i.HAL_RCC_GetPCLK2Freq)
    i.HAL_RCC_GetSysClockFreq                0x080007a0   Section        0  stm32f1xx_hal_rcc.o(i.HAL_RCC_GetSysClockFreq)
    i.HAL_RCC_OscConfig                      0x0800080c   Section        0  stm32f1xx_hal_rcc.o(i.HAL_RCC_OscConfig)
    i.HAL_SYSTICK_Config                     0x08000b2c   Section        0  stm32f1xx_hal_cortex.o(i.HAL_SYSTICK_Config)
    i.HAL_UART_Init                          0x08000b54   Section        0  stm32f1xx_hal_uart.o(i.HAL_UART_Init)
    i.HAL_UART_MspInit                       0x08000bb8   Section        0  usart.o(i.HAL_UART_MspInit)
    i.HAL_UART_Transmit                      0x08000c28   Section        0  stm32f1xx_hal_uart.o(i.HAL_UART_Transmit)
    i.HardFault_Handler                      0x08000cda   Section        0  stm32f1xx_it.o(i.HardFault_Handler)
    i.MX_GPIO_Init                           0x08000cdc   Section        0  gpio.o(i.MX_GPIO_Init)
    i.MX_USART1_UART_Init                    0x08000d64   Section        0  usart.o(i.MX_USART1_UART_Init)
    i.MemManage_Handler                      0x08000d9c   Section        0  stm32f1xx_it.o(i.MemManage_Handler)
    i.NMI_Handler                            0x08000d9e   Section        0  stm32f1xx_it.o(i.NMI_Handler)
    i.PendSV_Handler                         0x08000da0   Section        0  stm32f1xx_it.o(i.PendSV_Handler)
    i.SVC_Handler                            0x08000da2   Section        0  stm32f1xx_it.o(i.SVC_Handler)
    i.SysTick_Handler                        0x08000da4   Section        0  stm32f1xx_it.o(i.SysTick_Handler)
    i.SystemClock_Config                     0x08000da8   Section        0  main.o(i.SystemClock_Config)
    i.SystemInit                             0x08000dea   Section        0  system_stm32f1xx.o(i.SystemInit)
    i.UART_SetConfig                         0x08000dec   Section        0  stm32f1xx_hal_uart.o(i.UART_SetConfig)
    UART_SetConfig                           0x08000ded   Thumb Code   178  stm32f1xx_hal_uart.o(i.UART_SetConfig)
    i.UART_WaitOnFlagUntilTimeout            0x08000ea4   Section        0  stm32f1xx_hal_uart.o(i.UART_WaitOnFlagUntilTimeout)
    UART_WaitOnFlagUntilTimeout              0x08000ea5   Thumb Code   100  stm32f1xx_hal_uart.o(i.UART_WaitOnFlagUntilTimeout)
    i.UsageFault_Handler                     0x08000f08   Section        0  stm32f1xx_it.o(i.UsageFault_Handler)
    i.VL53L0X_CheckAndLoadInterruptSettings  0x08000f0c   Section        0  vl53l0x_api.o(i.VL53L0X_CheckAndLoadInterruptSettings)
    i.VL53L0X_ClearInterruptMask             0x08000f88   Section        0  vl53l0x_api.o(i.VL53L0X_ClearInterruptMask)
    i.VL53L0X_DataInit                       0x08000fd4   Section        0  vl53l0x_api.o(i.VL53L0X_DataInit)
    i.VL53L0X_GetDeviceParameters            0x08001160   Section        0  vl53l0x_api.o(i.VL53L0X_GetDeviceParameters)
    i.VL53L0X_GetFractionEnable              0x080011e0   Section        0  vl53l0x_api.o(i.VL53L0X_GetFractionEnable)
    i.VL53L0X_GetInterMeasurementPeriodMilliSeconds 0x080011fa   Section        0  vl53l0x_api.o(i.VL53L0X_GetInterMeasurementPeriodMilliSeconds)
    i.VL53L0X_GetInterruptMaskStatus         0x08001230   Section        0  vl53l0x_api.o(i.VL53L0X_GetInterruptMaskStatus)
    i.VL53L0X_GetInterruptThresholds         0x08001252   Section        0  vl53l0x_api.o(i.VL53L0X_GetInterruptThresholds)
    i.VL53L0X_GetLimitCheckEnable            0x08001286   Section        0  vl53l0x_api.o(i.VL53L0X_GetLimitCheckEnable)
    i.VL53L0X_GetLimitCheckValue             0x080012a0   Section        0  vl53l0x_api.o(i.VL53L0X_GetLimitCheckValue)
    i.VL53L0X_GetMeasurementDataReady        0x0800131a   Section        0  vl53l0x_api.o(i.VL53L0X_GetMeasurementDataReady)
    i.VL53L0X_GetMeasurementTimingBudgetMicroSeconds 0x08001354   Section        0  vl53l0x_api.o(i.VL53L0X_GetMeasurementTimingBudgetMicroSeconds)
    i.VL53L0X_GetOffsetCalibrationDataMicroMeter 0x08001358   Section        0  vl53l0x_api.o(i.VL53L0X_GetOffsetCalibrationDataMicroMeter)
    i.VL53L0X_GetPalErrorString              0x0800135c   Section        0  vl53l0x_api.o(i.VL53L0X_GetPalErrorString)
    i.VL53L0X_GetRangingMeasurementData      0x08001360   Section        0  vl53l0x_api.o(i.VL53L0X_GetRangingMeasurementData)
    i.VL53L0X_GetSequenceStepEnables         0x0800148c   Section        0  vl53l0x_api.o(i.VL53L0X_GetSequenceStepEnables)
    i.VL53L0X_GetVcselPulsePeriod            0x080014fe   Section        0  vl53l0x_api.o(i.VL53L0X_GetVcselPulsePeriod)
    i.VL53L0X_GetWrapAroundCheckEnable       0x08001502   Section        0  vl53l0x_api.o(i.VL53L0X_GetWrapAroundCheckEnable)
    i.VL53L0X_GetXTalkCompensationEnable     0x0800152e   Section        0  vl53l0x_api.o(i.VL53L0X_GetXTalkCompensationEnable)
    i.VL53L0X_GetXTalkCompensationRateMegaCps 0x08001538   Section        0  vl53l0x_api.o(i.VL53L0X_GetXTalkCompensationRateMegaCps)
    i.VL53L0X_PerformRefCalibration          0x08001564   Section        0  vl53l0x_api.o(i.VL53L0X_PerformRefCalibration)
    i.VL53L0X_PerformRefSpadManagement       0x0800156a   Section        0  vl53l0x_api.o(i.VL53L0X_PerformRefSpadManagement)
    i.VL53L0X_PerformSingleMeasurement       0x0800156e   Section        0  vl53l0x_api.o(i.VL53L0X_PerformSingleMeasurement)
    i.VL53L0X_PerformSingleRangingMeasurement 0x08001590   Section        0  vl53l0x_api.o(i.VL53L0X_PerformSingleRangingMeasurement)
    i.VL53L0X_PollingDelay                   0x080015c4   Section        0  vl53l0x_platform.o(i.VL53L0X_PollingDelay)
    i.VL53L0X_RdByte                         0x080015c8   Section        0  vl53l0x_platform.o(i.VL53L0X_RdByte)
    i.VL53L0X_RdDWord                        0x080015de   Section        0  vl53l0x_platform.o(i.VL53L0X_RdDWord)
    i.VL53L0X_RdWord                         0x080015f4   Section        0  vl53l0x_platform.o(i.VL53L0X_RdWord)
    i.VL53L0X_ReadMulti                      0x0800160a   Section        0  vl53l0x_platform.o(i.VL53L0X_ReadMulti)
    i.VL53L0X_SetDeviceAddress               0x08001626   Section        0  vl53l0x_api.o(i.VL53L0X_SetDeviceAddress)
    i.VL53L0X_SetDeviceMode                  0x0800162e   Section        0  vl53l0x_api.o(i.VL53L0X_SetDeviceMode)
    i.VL53L0X_SetGpioConfig                  0x08001652   Section        0  vl53l0x_api.o(i.VL53L0X_SetGpioConfig)
    i.VL53L0X_SetLimitCheckEnable            0x0800178c   Section        0  vl53l0x_api.o(i.VL53L0X_SetLimitCheckEnable)
    i.VL53L0X_SetLimitCheckValue             0x0800180e   Section        0  vl53l0x_api.o(i.VL53L0X_SetLimitCheckValue)
    i.VL53L0X_SetMeasurementTimingBudgetMicroSeconds 0x0800185e   Section        0  vl53l0x_api.o(i.VL53L0X_SetMeasurementTimingBudgetMicroSeconds)
    i.VL53L0X_SetSequenceStepEnable          0x08001862   Section        0  vl53l0x_api.o(i.VL53L0X_SetSequenceStepEnable)
    i.VL53L0X_StartMeasurement               0x08001910   Section        0  vl53l0x_api.o(i.VL53L0X_StartMeasurement)
    i.VL53L0X_StaticInit                     0x080019e4   Section        0  vl53l0x_api.o(i.VL53L0X_StaticInit)
    i.VL53L0X_UpdateByte                     0x08001b58   Section        0  vl53l0x_platform.o(i.VL53L0X_UpdateByte)
    i.VL53L0X_WrByte                         0x08001b9a   Section        0  vl53l0x_platform.o(i.VL53L0X_WrByte)
    i.VL53L0X_WrWord                         0x08001bb0   Section        0  vl53l0x_platform.o(i.VL53L0X_WrWord)
    i.VL53L0X_WriteMulti                     0x08001bc6   Section        0  vl53l0x_platform.o(i.VL53L0X_WriteMulti)
    i.VL53L0X_calc_dmax                      0x08001be4   Section        0  vl53l0x_api_core.o(i.VL53L0X_calc_dmax)
    i.VL53L0X_calc_macro_period_ps           0x08001cbc   Section        0  vl53l0x_api_core.o(i.VL53L0X_calc_macro_period_ps)
    i.VL53L0X_calc_sigma_estimate            0x08001ccc   Section        0  vl53l0x_api_core.o(i.VL53L0X_calc_sigma_estimate)
    i.VL53L0X_calc_timeout_mclks             0x08001ef4   Section        0  vl53l0x_api_core.o(i.VL53L0X_calc_timeout_mclks)
    i.VL53L0X_calc_timeout_us                0x08001f16   Section        0  vl53l0x_api_core.o(i.VL53L0X_calc_timeout_us)
    i.VL53L0X_decode_timeout                 0x08001f38   Section        0  vl53l0x_api_core.o(i.VL53L0X_decode_timeout)
    i.VL53L0X_decode_vcsel_period            0x08001f44   Section        0  vl53l0x_api_core.o(i.VL53L0X_decode_vcsel_period)
    i.VL53L0X_device_read_strobe             0x08001f4c   Section        0  vl53l0x_api_core.o(i.VL53L0X_device_read_strobe)
    i.VL53L0X_encode_timeout                 0x08001f96   Section        0  vl53l0x_api_core.o(i.VL53L0X_encode_timeout)
    i.VL53L0X_get_info_from_device           0x08001fb4   Section        0  vl53l0x_api_core.o(i.VL53L0X_get_info_from_device)
    i.VL53L0X_get_measurement_timing_budget_micro_seconds 0x080024dc   Section        0  vl53l0x_api_core.o(i.VL53L0X_get_measurement_timing_budget_micro_seconds)
    i.VL53L0X_get_offset_calibration_data_micro_meter 0x080025a0   Section        0  vl53l0x_api_calibration.o(i.VL53L0X_get_offset_calibration_data_micro_meter)
    i.VL53L0X_get_pal_error_string           0x080025d4   Section        0  vl53l0x_api_strings.o(i.VL53L0X_get_pal_error_string)
    i.VL53L0X_get_pal_range_status           0x08002824   Section        0  vl53l0x_api_core.o(i.VL53L0X_get_pal_range_status)
    i.VL53L0X_get_total_signal_rate          0x08002a0a   Section        0  vl53l0x_api_core.o(i.VL53L0X_get_total_signal_rate)
    i.VL53L0X_get_total_xtalk_rate           0x08002a26   Section        0  vl53l0x_api_core.o(i.VL53L0X_get_total_xtalk_rate)
    i.VL53L0X_get_vcsel_pulse_period         0x08002a54   Section        0  vl53l0x_api_core.o(i.VL53L0X_get_vcsel_pulse_period)
    i.VL53L0X_isqrt                          0x08002a84   Section        0  vl53l0x_api_core.o(i.VL53L0X_isqrt)
    i.VL53L0X_load_tuning_settings           0x08002ab0   Section        0  vl53l0x_api_core.o(i.VL53L0X_load_tuning_settings)
    i.VL53L0X_measurement_poll_for_completion 0x08002b54   Section        0  vl53l0x_api_core.o(i.VL53L0X_measurement_poll_for_completion)
    i.VL53L0X_perform_phase_calibration      0x08002b8a   Section        0  vl53l0x_api_calibration.o(i.VL53L0X_perform_phase_calibration)
    i.VL53L0X_perform_ref_calibration        0x08002bfe   Section        0  vl53l0x_api_calibration.o(i.VL53L0X_perform_ref_calibration)
    i.VL53L0X_perform_ref_spad_management    0x08002c3e   Section        0  vl53l0x_api_calibration.o(i.VL53L0X_perform_ref_spad_management)
    i.VL53L0X_perform_single_ref_calibration 0x08002e5c   Section        0  vl53l0x_api_calibration.o(i.VL53L0X_perform_single_ref_calibration)
    i.VL53L0X_perform_vhv_calibration        0x08002e94   Section        0  vl53l0x_api_calibration.o(i.VL53L0X_perform_vhv_calibration)
    i.VL53L0X_read_byte                      0x08002f08   Section        0  vl53l0x_i2c_win_serial_comms.o(i.VL53L0X_read_byte)
    i.VL53L0X_read_dword                     0x08002f0e   Section        0  vl53l0x_i2c_win_serial_comms.o(i.VL53L0X_read_dword)
    i.VL53L0X_read_multi                     0x08002f3a   Section        0  vl53l0x_i2c_win_serial_comms.o(i.VL53L0X_read_multi)
    i.VL53L0X_read_word                      0x08002f54   Section        0  vl53l0x_i2c_win_serial_comms.o(i.VL53L0X_read_word)
    i.VL53L0X_ref_calibration_io             0x08002f70   Section        0  vl53l0x_api_calibration.o(i.VL53L0X_ref_calibration_io)
    i.VL53L0X_set_measurement_timing_budget_micro_seconds 0x08003022   Section        0  vl53l0x_api_core.o(i.VL53L0X_set_measurement_timing_budget_micro_seconds)
    i.VL53L0X_set_reference_spads            0x080030e4   Section        0  vl53l0x_api_calibration.o(i.VL53L0X_set_reference_spads)
    i.VL53L0X_write_byte                     0x0800318a   Section        0  vl53l0x_i2c_win_serial_comms.o(i.VL53L0X_write_byte)
    i.VL53L0X_write_multi                    0x08003196   Section        0  vl53l0x_i2c_win_serial_comms.o(i.VL53L0X_write_multi)
    i.VL53L0X_write_word                     0x080031b0   Section        0  vl53l0x_i2c_win_serial_comms.o(i.VL53L0X_write_word)
    i.VL53L0x_Init                           0x080031e8   Section        0  vl53l0x.o(i.VL53L0x_Init)
    i.VL53L1_single_test                     0x080032d8   Section        0  vl53l0x.o(i.VL53L1_single_test)
    i.VL_IIC_Ack                             0x080033fc   Section        0  i2c_dup.o(i.VL_IIC_Ack)
    i.VL_IIC_NAck                            0x0800343c   Section        0  i2c_dup.o(i.VL_IIC_NAck)
    i.VL_IIC_Read_Byte                       0x0800347c   Section        0  i2c_dup.o(i.VL_IIC_Read_Byte)
    i.VL_IIC_Read_nByte                      0x080034e8   Section        0  i2c_dup.o(i.VL_IIC_Read_nByte)
    i.VL_IIC_Send_Byte                       0x0800354c   Section        0  i2c_dup.o(i.VL_IIC_Send_Byte)
    i.VL_IIC_Start                           0x080035b4   Section        0  i2c_dup.o(i.VL_IIC_Start)
    i.VL_IIC_Stop                            0x080035f4   Section        0  i2c_dup.o(i.VL_IIC_Stop)
    i.VL_IIC_Wait_Ack                        0x08003638   Section        0  i2c_dup.o(i.VL_IIC_Wait_Ack)
    i.VL_IIC_Write_nByte                     0x08003690   Section        0  i2c_dup.o(i.VL_IIC_Write_nByte)
    i.__0printf$8                            0x080036d8   Section        0  printf8.o(i.__0printf$8)
    i.__NVIC_SetPriority                     0x080036f8   Section        0  stm32f1xx_hal_cortex.o(i.__NVIC_SetPriority)
    __NVIC_SetPriority                       0x080036f9   Thumb Code    32  stm32f1xx_hal_cortex.o(i.__NVIC_SetPriority)
    i.__scatterload_copy                     0x08003718   Section       14  handlers.o(i.__scatterload_copy)
    i.__scatterload_null                     0x08003726   Section        2  handlers.o(i.__scatterload_null)
    i.__scatterload_zeroinit                 0x08003728   Section       14  handlers.o(i.__scatterload_zeroinit)
    i._printf_core                           0x08003738   Section        0  printf8.o(i._printf_core)
    _printf_core                             0x08003739   Thumb Code   996  printf8.o(i._printf_core)
    i._printf_post_padding                   0x08003b48   Section        0  printf8.o(i._printf_post_padding)
    _printf_post_padding                     0x08003b49   Thumb Code    36  printf8.o(i._printf_post_padding)
    i._printf_pre_padding                    0x08003b6c   Section        0  printf8.o(i._printf_pre_padding)
    _printf_pre_padding                      0x08003b6d   Thumb Code    46  printf8.o(i._printf_pre_padding)
    i.delay_ms                               0x08003b9a   Section        0  delay.o(i.delay_ms)
    i.delay_us                               0x08003bb4   Section        0  delay.o(i.delay_us)
    i.enable_ref_spads                       0x08003be8   Section        0  vl53l0x_api_calibration.o(i.enable_ref_spads)
    i.enable_spad_bit                        0x08003c7c   Section        0  vl53l0x_api_calibration.o(i.enable_spad_bit)
    i.fputc                                  0x08003ca8   Section        0  usart.o(i.fputc)
    i.get_next_good_spad                     0x08003cc0   Section        0  vl53l0x_api_calibration.o(i.get_next_good_spad)
    i.get_ref_spad_map                       0x08003d1c   Section        0  vl53l0x_api_calibration.o(i.get_ref_spad_map)
    i.get_sequence_step_timeout              0x08003d26   Section        0  vl53l0x_api_core.o(i.get_sequence_step_timeout)
    i.is_aperture                            0x08003e18   Section        0  vl53l0x_api_calibration.o(i.is_aperture)
    i.main                                   0x08003e30   Section        0  main.o(i.main)
    i.perform_ref_signal_measurement         0x08003ec0   Section        0  vl53l0x_api_calibration.o(i.perform_ref_signal_measurement)
    i.print_pal_error                        0x08003f24   Section        0  vl53l0x.o(i.print_pal_error)
    i.sequence_step_enabled                  0x08003f58   Section        0  vl53l0x_api.o(i.sequence_step_enabled)
    i.set_ref_spad_map                       0x08003f90   Section        0  vl53l0x_api_calibration.o(i.set_ref_spad_map)
    i.set_sequence_step_timeout              0x08003f9a   Section        0  vl53l0x_api_core.o(i.set_sequence_step_timeout)
    i.vl53l0x_Addr_set                       0x0800409c   Section        0  vl53l0x.o(i.vl53l0x_Addr_set)
    .constdata                               0x08004124   Section       16  system_stm32f1xx.o(.constdata)
    .constdata                               0x08004134   Section        8  system_stm32f1xx.o(.constdata)
    .data                                    0x20000000   Section        2  main.o(.data)
    .data                                    0x20000004   Section       12  stm32f1xx_hal.o(.data)
    .data                                    0x20000010   Section        4  system_stm32f1xx.o(.data)
    .data                                    0x20000014   Section      681  vl53l0x_api.o(.data)
    .data                                    0x200002c0   Section       16  vl53l0x_api_calibration.o(.data)
    .data                                    0x200002d0   Section        4  delay.o(.data)
    fac_us                                   0x200002d0   Data           4  delay.o(.data)
    .data                                    0x200002d4   Section        4  stdout.o(.data)
    .bss                                     0x200002d8   Section      380  main.o(.bss)
    .bss                                     0x20000454   Section       64  usart.o(.bss)
    STACK                                    0x20000498   Section     1024  startup_stm32f103xe.o(STACK)

    Global Symbols

    Symbol Name                              Value     Ov Type        Size  Object(Section)

    BuildAttributes$$THM_ISAv4$P$D$K$B$S$PE$A:L22UL41UL21$X:L11$S22US41US21$IEEE1$IW$USESV6$~STKCKD$USESV7$~SHL$OSPACE$ROPI$EBA8$MICROLIB$REQ8$PRES8$EABIv2 0x00000000   Number         0  anon$$obj.o ABSOLUTE
    __ARM_use_no_argv                        0x00000000   Number         0  main.o ABSOLUTE
    _printf_a                                0x00000000   Number         0  stubs.o ABSOLUTE
    _printf_c                                0x00000000   Number         0  stubs.o ABSOLUTE
    _printf_charcount                        0x00000000   Number         0  stubs.o ABSOLUTE
    _printf_d                                0x00000000   Number         0  stubs.o ABSOLUTE
    _printf_e                                0x00000000   Number         0  stubs.o ABSOLUTE
    _printf_f                                0x00000000   Number         0  stubs.o ABSOLUTE
    _printf_flags                            0x00000000   Number         0  stubs.o ABSOLUTE
    _printf_fp_dec                           0x00000000   Number         0  stubs.o ABSOLUTE
    _printf_fp_hex                           0x00000000   Number         0  stubs.o ABSOLUTE
    _printf_g                                0x00000000   Number         0  stubs.o ABSOLUTE
    _printf_i                                0x00000000   Number         0  stubs.o ABSOLUTE
    _printf_int_dec                          0x00000000   Number         0  stubs.o ABSOLUTE
    _printf_l                                0x00000000   Number         0  stubs.o ABSOLUTE
    _printf_lc                               0x00000000   Number         0  stubs.o ABSOLUTE
    _printf_ll                               0x00000000   Number         0  stubs.o ABSOLUTE
    _printf_lld                              0x00000000   Number         0  stubs.o ABSOLUTE
    _printf_lli                              0x00000000   Number         0  stubs.o ABSOLUTE
    _printf_llo                              0x00000000   Number         0  stubs.o ABSOLUTE
    _printf_llu                              0x00000000   Number         0  stubs.o ABSOLUTE
    _printf_llx                              0x00000000   Number         0  stubs.o ABSOLUTE
    _printf_longlong_dec                     0x00000000   Number         0  stubs.o ABSOLUTE
    _printf_longlong_hex                     0x00000000   Number         0  stubs.o ABSOLUTE
    _printf_longlong_oct                     0x00000000   Number         0  stubs.o ABSOLUTE
    _printf_ls                               0x00000000   Number         0  stubs.o ABSOLUTE
    _printf_mbtowc                           0x00000000   Number         0  stubs.o ABSOLUTE
    _printf_n                                0x00000000   Number         0  stubs.o ABSOLUTE
    _printf_o                                0x00000000   Number         0  stubs.o ABSOLUTE
    _printf_p                                0x00000000   Number         0  stubs.o ABSOLUTE
    _printf_percent                          0x00000000   Number         0  stubs.o ABSOLUTE
    _printf_pre_padding                      0x00000000   Number         0  stubs.o ABSOLUTE
    _printf_return_value                     0x00000000   Number         0  stubs.o ABSOLUTE
    _printf_s                                0x00000000   Number         0  stubs.o ABSOLUTE
    _printf_sizespec                         0x00000000   Number         0  stubs.o ABSOLUTE
    _printf_str                              0x00000000   Number         0  stubs.o ABSOLUTE
    _printf_truncate_signed                  0x00000000   Number         0  stubs.o ABSOLUTE
    _printf_truncate_unsigned                0x00000000   Number         0  stubs.o ABSOLUTE
    _printf_u                                0x00000000   Number         0  stubs.o ABSOLUTE
    _printf_wc                               0x00000000   Number         0  stubs.o ABSOLUTE
    _printf_wctomb                           0x00000000   Number         0  stubs.o ABSOLUTE
    _printf_widthprec                        0x00000000   Number         0  stubs.o ABSOLUTE
    _printf_x                                0x00000000   Number         0  stubs.o ABSOLUTE
    __cpp_initialize__aeabi_                  - Undefined Weak Reference
    __cxa_finalize                            - Undefined Weak Reference
    _clock_init                               - Undefined Weak Reference
    _microlib_exit                            - Undefined Weak Reference
    __Vectors_Size                           0x00000130   Number         0  startup_stm32f103xe.o ABSOLUTE
    __Vectors                                0x08000000   Data           4  startup_stm32f103xe.o(RESET)
    __Vectors_End                            0x08000130   Data           0  startup_stm32f103xe.o(RESET)
    __main                                   0x08000131   Thumb Code     0  entry.o(.ARM.Collect$$$$00000000)
    _main_stk                                0x08000131   Thumb Code     0  entry2.o(.ARM.Collect$$$$00000001)
    _main_scatterload                        0x08000135   Thumb Code     0  entry5.o(.ARM.Collect$$$$00000004)
    __main_after_scatterload                 0x08000139   Thumb Code     0  entry5.o(.ARM.Collect$$$$00000004)
    _main_clock                              0x08000139   Thumb Code     0  entry7b.o(.ARM.Collect$$$$00000008)
    _main_cpp_init                           0x08000139   Thumb Code     0  entry8b.o(.ARM.Collect$$$$0000000A)
    _main_init                               0x08000139   Thumb Code     0  entry9a.o(.ARM.Collect$$$$0000000B)
    __rt_final_cpp                           0x08000141   Thumb Code     0  entry10a.o(.ARM.Collect$$$$0000000D)
    __rt_final_exit                          0x08000141   Thumb Code     0  entry11a.o(.ARM.Collect$$$$0000000F)
    Reset_Handler                            0x08000145   Thumb Code     8  startup_stm32f103xe.o(.text)
    ADC1_2_IRQHandler                        0x0800015f   Thumb Code     0  startup_stm32f103xe.o(.text)
    ADC3_IRQHandler                          0x0800015f   Thumb Code     0  startup_stm32f103xe.o(.text)
    CAN1_RX1_IRQHandler                      0x0800015f   Thumb Code     0  startup_stm32f103xe.o(.text)
    CAN1_SCE_IRQHandler                      0x0800015f   Thumb Code     0  startup_stm32f103xe.o(.text)
    DMA1_Channel1_IRQHandler                 0x0800015f   Thumb Code     0  startup_stm32f103xe.o(.text)
    DMA1_Channel2_IRQHandler                 0x0800015f   Thumb Code     0  startup_stm32f103xe.o(.text)
    DMA1_Channel3_IRQHandler                 0x0800015f   Thumb Code     0  startup_stm32f103xe.o(.text)
    DMA1_Channel4_IRQHandler                 0x0800015f   Thumb Code     0  startup_stm32f103xe.o(.text)
    DMA1_Channel5_IRQHandler                 0x0800015f   Thumb Code     0  startup_stm32f103xe.o(.text)
    DMA1_Channel6_IRQHandler                 0x0800015f   Thumb Code     0  startup_stm32f103xe.o(.text)
    DMA1_Channel7_IRQHandler                 0x0800015f   Thumb Code     0  startup_stm32f103xe.o(.text)
    DMA2_Channel1_IRQHandler                 0x0800015f   Thumb Code     0  startup_stm32f103xe.o(.text)
    DMA2_Channel2_IRQHandler                 0x0800015f   Thumb Code     0  startup_stm32f103xe.o(.text)
    DMA2_Channel3_IRQHandler                 0x0800015f   Thumb Code     0  startup_stm32f103xe.o(.text)
    DMA2_Channel4_5_IRQHandler               0x0800015f   Thumb Code     0  startup_stm32f103xe.o(.text)
    EXTI0_IRQHandler                         0x0800015f   Thumb Code     0  startup_stm32f103xe.o(.text)
    EXTI15_10_IRQHandler                     0x0800015f   Thumb Code     0  startup_stm32f103xe.o(.text)
    EXTI1_IRQHandler                         0x0800015f   Thumb Code     0  startup_stm32f103xe.o(.text)
    EXTI2_IRQHandler                         0x0800015f   Thumb Code     0  startup_stm32f103xe.o(.text)
    EXTI3_IRQHandler                         0x0800015f   Thumb Code     0  startup_stm32f103xe.o(.text)
    EXTI4_IRQHandler                         0x0800015f   Thumb Code     0  startup_stm32f103xe.o(.text)
    EXTI9_5_IRQHandler                       0x0800015f   Thumb Code     0  startup_stm32f103xe.o(.text)
    FLASH_IRQHandler                         0x0800015f   Thumb Code     0  startup_stm32f103xe.o(.text)
    FSMC_IRQHandler                          0x0800015f   Thumb Code     0  startup_stm32f103xe.o(.text)
    I2C1_ER_IRQHandler                       0x0800015f   Thumb Code     0  startup_stm32f103xe.o(.text)
    I2C1_EV_IRQHandler                       0x0800015f   Thumb Code     0  startup_stm32f103xe.o(.text)
    I2C2_ER_IRQHandler                       0x0800015f   Thumb Code     0  startup_stm32f103xe.o(.text)
    I2C2_EV_IRQHandler                       0x0800015f   Thumb Code     0  startup_stm32f103xe.o(.text)
    PVD_IRQHandler                           0x0800015f   Thumb Code     0  startup_stm32f103xe.o(.text)
    RCC_IRQHandler                           0x0800015f   Thumb Code     0  startup_stm32f103xe.o(.text)
    RTC_Alarm_IRQHandler                     0x0800015f   Thumb Code     0  startup_stm32f103xe.o(.text)
    RTC_IRQHandler                           0x0800015f   Thumb Code     0  startup_stm32f103xe.o(.text)
    SDIO_IRQHandler                          0x0800015f   Thumb Code     0  startup_stm32f103xe.o(.text)
    SPI1_IRQHandler                          0x0800015f   Thumb Code     0  startup_stm32f103xe.o(.text)
    SPI2_IRQHandler                          0x0800015f   Thumb Code     0  startup_stm32f103xe.o(.text)
    SPI3_IRQHandler                          0x0800015f   Thumb Code     0  startup_stm32f103xe.o(.text)
    TAMPER_IRQHandler                        0x0800015f   Thumb Code     0  startup_stm32f103xe.o(.text)
    TIM1_BRK_IRQHandler                      0x0800015f   Thumb Code     0  startup_stm32f103xe.o(.text)
    TIM1_CC_IRQHandler                       0x0800015f   Thumb Code     0  startup_stm32f103xe.o(.text)
    TIM1_TRG_COM_IRQHandler                  0x0800015f   Thumb Code     0  startup_stm32f103xe.o(.text)
    TIM1_UP_IRQHandler                       0x0800015f   Thumb Code     0  startup_stm32f103xe.o(.text)
    TIM2_IRQHandler                          0x0800015f   Thumb Code     0  startup_stm32f103xe.o(.text)
    TIM3_IRQHandler                          0x0800015f   Thumb Code     0  startup_stm32f103xe.o(.text)
    TIM4_IRQHandler                          0x0800015f   Thumb Code     0  startup_stm32f103xe.o(.text)
    TIM5_IRQHandler                          0x0800015f   Thumb Code     0  startup_stm32f103xe.o(.text)
    TIM6_IRQHandler                          0x0800015f   Thumb Code     0  startup_stm32f103xe.o(.text)
    TIM7_IRQHandler                          0x0800015f   Thumb Code     0  startup_stm32f103xe.o(.text)
    TIM8_BRK_IRQHandler                      0x0800015f   Thumb Code     0  startup_stm32f103xe.o(.text)
    TIM8_CC_IRQHandler                       0x0800015f   Thumb Code     0  startup_stm32f103xe.o(.text)
    TIM8_TRG_COM_IRQHandler                  0x0800015f   Thumb Code     0  startup_stm32f103xe.o(.text)
    TIM8_UP_IRQHandler                       0x0800015f   Thumb Code     0  startup_stm32f103xe.o(.text)
    UART4_IRQHandler                         0x0800015f   Thumb Code     0  startup_stm32f103xe.o(.text)
    UART5_IRQHandler                         0x0800015f   Thumb Code     0  startup_stm32f103xe.o(.text)
    USART1_IRQHandler                        0x0800015f   Thumb Code     0  startup_stm32f103xe.o(.text)
    USART2_IRQHandler                        0x0800015f   Thumb Code     0  startup_stm32f103xe.o(.text)
    USART3_IRQHandler                        0x0800015f   Thumb Code     0  startup_stm32f103xe.o(.text)
    USBWakeUp_IRQHandler                     0x0800015f   Thumb Code     0  startup_stm32f103xe.o(.text)
    USB_HP_CAN1_TX_IRQHandler                0x0800015f   Thumb Code     0  startup_stm32f103xe.o(.text)
    USB_LP_CAN1_RX0_IRQHandler               0x0800015f   Thumb Code     0  startup_stm32f103xe.o(.text)
    WWDG_IRQHandler                          0x0800015f   Thumb Code     0  startup_stm32f103xe.o(.text)
    __aeabi_llsr                             0x08000169   Thumb Code    32  llushr.o(.text)
    _ll_ushift_r                             0x08000169   Thumb Code     0  llushr.o(.text)
    __aeabi_memcpy                           0x08000189   Thumb Code    36  memcpya.o(.text)
    __aeabi_memcpy4                          0x08000189   Thumb Code     0  memcpya.o(.text)
    __aeabi_memcpy8                          0x08000189   Thumb Code     0  memcpya.o(.text)
    __aeabi_memset                           0x080001ad   Thumb Code    14  memseta.o(.text)
    __aeabi_memset4                          0x080001ad   Thumb Code     0  memseta.o(.text)
    __aeabi_memset8                          0x080001ad   Thumb Code     0  memseta.o(.text)
    __aeabi_memclr                           0x080001bb   Thumb Code     4  memseta.o(.text)
    __aeabi_memclr4                          0x080001bb   Thumb Code     0  memseta.o(.text)
    __aeabi_memclr8                          0x080001bb   Thumb Code     0  memseta.o(.text)
    _memset$wrapper                          0x080001bf   Thumb Code    18  memseta.o(.text)
    strcpy                                   0x080001d1   Thumb Code    18  strcpy.o(.text)
    __aeabi_uldivmod                         0x080001e3   Thumb Code    98  uldiv.o(.text)
    __scatterload                            0x08000245   Thumb Code    28  init.o(.text)
    __scatterload_rt2                        0x08000245   Thumb Code     0  init.o(.text)
    __aeabi_llsl                             0x08000269   Thumb Code    30  llshl.o(.text)
    _ll_shift_l                              0x08000269   Thumb Code     0  llshl.o(.text)
    __decompress                             0x08000287   Thumb Code     0  __dclz77c.o(.text)
    __decompress2                            0x08000287   Thumb Code    94  __dclz77c.o(.text)
    BusFault_Handler                         0x080002e5   Thumb Code     2  stm32f1xx_it.o(i.BusFault_Handler)
    DebugMon_Handler                         0x080002e7   Thumb Code     2  stm32f1xx_it.o(i.DebugMon_Handler)
    Error_Handler                            0x080002e9   Thumb Code     2  main.o(i.Error_Handler)
    HAL_Delay                                0x080002ed   Thumb Code    32  stm32f1xx_hal.o(i.HAL_Delay)
    HAL_GPIO_Init                            0x08000311   Thumb Code   462  stm32f1xx_hal_gpio.o(i.HAL_GPIO_Init)
    HAL_GPIO_WritePin                        0x08000509   Thumb Code    10  stm32f1xx_hal_gpio.o(i.HAL_GPIO_WritePin)
    HAL_GetTick                              0x08000515   Thumb Code     6  stm32f1xx_hal.o(i.HAL_GetTick)
    HAL_IncTick                              0x08000521   Thumb Code    12  stm32f1xx_hal.o(i.HAL_IncTick)
    HAL_Init                                 0x08000531   Thumb Code    32  stm32f1xx_hal.o(i.HAL_Init)
    HAL_InitTick                             0x08000555   Thumb Code    54  stm32f1xx_hal.o(i.HAL_InitTick)
    HAL_MspInit                              0x08000595   Thumb Code    52  stm32f1xx_hal_msp.o(i.HAL_MspInit)
    HAL_NVIC_SetPriority                     0x080005d1   Thumb Code    60  stm32f1xx_hal_cortex.o(i.HAL_NVIC_SetPriority)
    HAL_NVIC_SetPriorityGrouping             0x08000611   Thumb Code    26  stm32f1xx_hal_cortex.o(i.HAL_NVIC_SetPriorityGrouping)
    HAL_RCC_ClockConfig                      0x08000635   Thumb Code   280  stm32f1xx_hal_rcc.o(i.HAL_RCC_ClockConfig)
    HAL_RCC_GetPCLK1Freq                     0x08000761   Thumb Code    20  stm32f1xx_hal_rcc.o(i.HAL_RCC_GetPCLK1Freq)
    HAL_RCC_GetPCLK2Freq                     0x08000781   Thumb Code    20  stm32f1xx_hal_rcc.o(i.HAL_RCC_GetPCLK2Freq)
    HAL_RCC_GetSysClockFreq                  0x080007a1   Thumb Code    74  stm32f1xx_hal_rcc.o(i.HAL_RCC_GetSysClockFreq)
    HAL_RCC_OscConfig                        0x0800080d   Thumb Code   778  stm32f1xx_hal_rcc.o(i.HAL_RCC_OscConfig)
    HAL_SYSTICK_Config                       0x08000b2d   Thumb Code    40  stm32f1xx_hal_cortex.o(i.HAL_SYSTICK_Config)
    HAL_UART_Init                            0x08000b55   Thumb Code    98  stm32f1xx_hal_uart.o(i.HAL_UART_Init)
    HAL_UART_MspInit                         0x08000bb9   Thumb Code   100  usart.o(i.HAL_UART_MspInit)
    HAL_UART_Transmit                        0x08000c29   Thumb Code   178  stm32f1xx_hal_uart.o(i.HAL_UART_Transmit)
    HardFault_Handler                        0x08000cdb   Thumb Code     2  stm32f1xx_it.o(i.HardFault_Handler)
    MX_GPIO_Init                             0x08000cdd   Thumb Code   122  gpio.o(i.MX_GPIO_Init)
    MX_USART1_UART_Init                      0x08000d65   Thumb Code    48  usart.o(i.MX_USART1_UART_Init)
    MemManage_Handler                        0x08000d9d   Thumb Code     2  stm32f1xx_it.o(i.MemManage_Handler)
    NMI_Handler                              0x08000d9f   Thumb Code     2  stm32f1xx_it.o(i.NMI_Handler)
    PendSV_Handler                           0x08000da1   Thumb Code     2  stm32f1xx_it.o(i.PendSV_Handler)
    SVC_Handler                              0x08000da3   Thumb Code     2  stm32f1xx_it.o(i.SVC_Handler)
    SysTick_Handler                          0x08000da5   Thumb Code     4  stm32f1xx_it.o(i.SysTick_Handler)
    SystemClock_Config                       0x08000da9   Thumb Code    66  main.o(i.SystemClock_Config)
    SystemInit                               0x08000deb   Thumb Code     2  system_stm32f1xx.o(i.SystemInit)
    UsageFault_Handler                       0x08000f09   Thumb Code     2  stm32f1xx_it.o(i.UsageFault_Handler)
    VL53L0X_CheckAndLoadInterruptSettings    0x08000f0d   Thumb Code   118  vl53l0x_api.o(i.VL53L0X_CheckAndLoadInterruptSettings)
    VL53L0X_ClearInterruptMask               0x08000f89   Thumb Code    76  vl53l0x_api.o(i.VL53L0X_ClearInterruptMask)
    VL53L0X_DataInit                         0x08000fd5   Thumb Code   386  vl53l0x_api.o(i.VL53L0X_DataInit)
    VL53L0X_GetDeviceParameters              0x08001161   Thumb Code   128  vl53l0x_api.o(i.VL53L0X_GetDeviceParameters)
    VL53L0X_GetFractionEnable                0x080011e1   Thumb Code    26  vl53l0x_api.o(i.VL53L0X_GetFractionEnable)
    VL53L0X_GetInterMeasurementPeriodMilliSeconds 0x080011fb   Thumb Code    54  vl53l0x_api.o(i.VL53L0X_GetInterMeasurementPeriodMilliSeconds)
    VL53L0X_GetInterruptMaskStatus           0x08001231   Thumb Code    34  vl53l0x_api.o(i.VL53L0X_GetInterruptMaskStatus)
    VL53L0X_GetInterruptThresholds           0x08001253   Thumb Code    52  vl53l0x_api.o(i.VL53L0X_GetInterruptThresholds)
    VL53L0X_GetLimitCheckEnable              0x08001287   Thumb Code    24  vl53l0x_api.o(i.VL53L0X_GetLimitCheckEnable)
    VL53L0X_GetLimitCheckValue               0x080012a1   Thumb Code   122  vl53l0x_api.o(i.VL53L0X_GetLimitCheckValue)
    VL53L0X_GetMeasurementDataReady          0x0800131b   Thumb Code    58  vl53l0x_api.o(i.VL53L0X_GetMeasurementDataReady)
    VL53L0X_GetMeasurementTimingBudgetMicroSeconds 0x08001355   Thumb Code     4  vl53l0x_api.o(i.VL53L0X_GetMeasurementTimingBudgetMicroSeconds)
    VL53L0X_GetOffsetCalibrationDataMicroMeter 0x08001359   Thumb Code     4  vl53l0x_api.o(i.VL53L0X_GetOffsetCalibrationDataMicroMeter)
    VL53L0X_GetPalErrorString                0x0800135d   Thumb Code     4  vl53l0x_api.o(i.VL53L0X_GetPalErrorString)
    VL53L0X_GetRangingMeasurementData        0x08001361   Thumb Code   300  vl53l0x_api.o(i.VL53L0X_GetRangingMeasurementData)
    VL53L0X_GetSequenceStepEnables           0x0800148d   Thumb Code   114  vl53l0x_api.o(i.VL53L0X_GetSequenceStepEnables)
    VL53L0X_GetVcselPulsePeriod              0x080014ff   Thumb Code     4  vl53l0x_api.o(i.VL53L0X_GetVcselPulsePeriod)
    VL53L0X_GetWrapAroundCheckEnable         0x08001503   Thumb Code    44  vl53l0x_api.o(i.VL53L0X_GetWrapAroundCheckEnable)
    VL53L0X_GetXTalkCompensationEnable       0x0800152f   Thumb Code    10  vl53l0x_api.o(i.VL53L0X_GetXTalkCompensationEnable)
    VL53L0X_GetXTalkCompensationRateMegaCps  0x08001539   Thumb Code    44  vl53l0x_api.o(i.VL53L0X_GetXTalkCompensationRateMegaCps)
    VL53L0X_PerformRefCalibration            0x08001565   Thumb Code     6  vl53l0x_api.o(i.VL53L0X_PerformRefCalibration)
    VL53L0X_PerformRefSpadManagement         0x0800156b   Thumb Code     4  vl53l0x_api.o(i.VL53L0X_PerformRefSpadManagement)
    VL53L0X_PerformSingleMeasurement         0x0800156f   Thumb Code    34  vl53l0x_api.o(i.VL53L0X_PerformSingleMeasurement)
    VL53L0X_PerformSingleRangingMeasurement  0x08001591   Thumb Code    52  vl53l0x_api.o(i.VL53L0X_PerformSingleRangingMeasurement)
    VL53L0X_PollingDelay                     0x080015c5   Thumb Code     4  vl53l0x_platform.o(i.VL53L0X_PollingDelay)
    VL53L0X_RdByte                           0x080015c9   Thumb Code    22  vl53l0x_platform.o(i.VL53L0X_RdByte)
    VL53L0X_RdDWord                          0x080015df   Thumb Code    22  vl53l0x_platform.o(i.VL53L0X_RdDWord)
    VL53L0X_RdWord                           0x080015f5   Thumb Code    22  vl53l0x_platform.o(i.VL53L0X_RdWord)
    VL53L0X_ReadMulti                        0x0800160b   Thumb Code    28  vl53l0x_platform.o(i.VL53L0X_ReadMulti)
    VL53L0X_SetDeviceAddress                 0x08001627   Thumb Code     8  vl53l0x_api.o(i.VL53L0X_SetDeviceAddress)
    VL53L0X_SetDeviceMode                    0x0800162f   Thumb Code    36  vl53l0x_api.o(i.VL53L0X_SetDeviceMode)
    VL53L0X_SetGpioConfig                    0x08001653   Thumb Code   312  vl53l0x_api.o(i.VL53L0X_SetGpioConfig)
    VL53L0X_SetLimitCheckEnable              0x0800178d   Thumb Code   130  vl53l0x_api.o(i.VL53L0X_SetLimitCheckEnable)
    VL53L0X_SetLimitCheckValue               0x0800180f   Thumb Code    80  vl53l0x_api.o(i.VL53L0X_SetLimitCheckValue)
    VL53L0X_SetMeasurementTimingBudgetMicroSeconds 0x0800185f   Thumb Code     4  vl53l0x_api.o(i.VL53L0X_SetMeasurementTimingBudgetMicroSeconds)
    VL53L0X_SetSequenceStepEnable            0x08001863   Thumb Code   174  vl53l0x_api.o(i.VL53L0X_SetSequenceStepEnable)
    VL53L0X_StartMeasurement                 0x08001911   Thumb Code   212  vl53l0x_api.o(i.VL53L0X_StartMeasurement)
    VL53L0X_StaticInit                       0x080019e5   Thumb Code   366  vl53l0x_api.o(i.VL53L0X_StaticInit)
    VL53L0X_UpdateByte                       0x08001b59   Thumb Code    66  vl53l0x_platform.o(i.VL53L0X_UpdateByte)
    VL53L0X_WrByte                           0x08001b9b   Thumb Code    22  vl53l0x_platform.o(i.VL53L0X_WrByte)
    VL53L0X_WrWord                           0x08001bb1   Thumb Code    22  vl53l0x_platform.o(i.VL53L0X_WrWord)
    VL53L0X_WriteMulti                       0x08001bc7   Thumb Code    28  vl53l0x_platform.o(i.VL53L0X_WriteMulti)
    VL53L0X_calc_dmax                        0x08001be5   Thumb Code   212  vl53l0x_api_core.o(i.VL53L0X_calc_dmax)
    VL53L0X_calc_macro_period_ps             0x08001cbd   Thumb Code    16  vl53l0x_api_core.o(i.VL53L0X_calc_macro_period_ps)
    VL53L0X_calc_sigma_estimate              0x08001ccd   Thumb Code   538  vl53l0x_api_core.o(i.VL53L0X_calc_sigma_estimate)
    VL53L0X_calc_timeout_mclks               0x08001ef5   Thumb Code    34  vl53l0x_api_core.o(i.VL53L0X_calc_timeout_mclks)
    VL53L0X_calc_timeout_us                  0x08001f17   Thumb Code    34  vl53l0x_api_core.o(i.VL53L0X_calc_timeout_us)
    VL53L0X_decode_timeout                   0x08001f39   Thumb Code    12  vl53l0x_api_core.o(i.VL53L0X_decode_timeout)
    VL53L0X_decode_vcsel_period              0x08001f45   Thumb Code     8  vl53l0x_api_core.o(i.VL53L0X_decode_vcsel_period)
    VL53L0X_device_read_strobe               0x08001f4d   Thumb Code    74  vl53l0x_api_core.o(i.VL53L0X_device_read_strobe)
    VL53L0X_encode_timeout                   0x08001f97   Thumb Code    30  vl53l0x_api_core.o(i.VL53L0X_encode_timeout)
    VL53L0X_get_info_from_device             0x08001fb5   Thumb Code  1320  vl53l0x_api_core.o(i.VL53L0X_get_info_from_device)
    VL53L0X_get_measurement_timing_budget_micro_seconds 0x080024dd   Thumb Code   196  vl53l0x_api_core.o(i.VL53L0X_get_measurement_timing_budget_micro_seconds)
    VL53L0X_get_offset_calibration_data_micro_meter 0x080025a1   Thumb Code    50  vl53l0x_api_calibration.o(i.VL53L0X_get_offset_calibration_data_micro_meter)
    VL53L0X_get_pal_error_string             0x080025d5   Thumb Code   176  vl53l0x_api_strings.o(i.VL53L0X_get_pal_error_string)
    VL53L0X_get_pal_range_status             0x08002825   Thumb Code   486  vl53l0x_api_core.o(i.VL53L0X_get_pal_range_status)
    VL53L0X_get_total_signal_rate            0x08002a0b   Thumb Code    28  vl53l0x_api_core.o(i.VL53L0X_get_total_signal_rate)
    VL53L0X_get_total_xtalk_rate             0x08002a27   Thumb Code    46  vl53l0x_api_core.o(i.VL53L0X_get_total_xtalk_rate)
    VL53L0X_get_vcsel_pulse_period           0x08002a55   Thumb Code    48  vl53l0x_api_core.o(i.VL53L0X_get_vcsel_pulse_period)
    VL53L0X_isqrt                            0x08002a85   Thumb Code    42  vl53l0x_api_core.o(i.VL53L0X_isqrt)
    VL53L0X_load_tuning_settings             0x08002ab1   Thumb Code   164  vl53l0x_api_core.o(i.VL53L0X_load_tuning_settings)
    VL53L0X_measurement_poll_for_completion  0x08002b55   Thumb Code    54  vl53l0x_api_core.o(i.VL53L0X_measurement_poll_for_completion)
    VL53L0X_perform_phase_calibration        0x08002b8b   Thumb Code   116  vl53l0x_api_calibration.o(i.VL53L0X_perform_phase_calibration)
    VL53L0X_perform_ref_calibration          0x08002bff   Thumb Code    64  vl53l0x_api_calibration.o(i.VL53L0X_perform_ref_calibration)
    VL53L0X_perform_ref_spad_management      0x08002c3f   Thumb Code   542  vl53l0x_api_calibration.o(i.VL53L0X_perform_ref_spad_management)
    VL53L0X_perform_single_ref_calibration   0x08002e5d   Thumb Code    56  vl53l0x_api_calibration.o(i.VL53L0X_perform_single_ref_calibration)
    VL53L0X_perform_vhv_calibration          0x08002e95   Thumb Code   116  vl53l0x_api_calibration.o(i.VL53L0X_perform_vhv_calibration)
    VL53L0X_read_byte                        0x08002f09   Thumb Code     6  vl53l0x_i2c_win_serial_comms.o(i.VL53L0X_read_byte)
    VL53L0X_read_dword                       0x08002f0f   Thumb Code    44  vl53l0x_i2c_win_serial_comms.o(i.VL53L0X_read_dword)
    VL53L0X_read_multi                       0x08002f3b   Thumb Code    26  vl53l0x_i2c_win_serial_comms.o(i.VL53L0X_read_multi)
    VL53L0X_read_word                        0x08002f55   Thumb Code    28  vl53l0x_i2c_win_serial_comms.o(i.VL53L0X_read_word)
    VL53L0X_ref_calibration_io               0x08002f71   Thumb Code   178  vl53l0x_api_calibration.o(i.VL53L0X_ref_calibration_io)
    VL53L0X_set_measurement_timing_budget_micro_seconds 0x08003023   Thumb Code   194  vl53l0x_api_core.o(i.VL53L0X_set_measurement_timing_budget_micro_seconds)
    VL53L0X_set_reference_spads              0x080030e5   Thumb Code   166  vl53l0x_api_calibration.o(i.VL53L0X_set_reference_spads)
    VL53L0X_write_byte                       0x0800318b   Thumb Code    12  vl53l0x_i2c_win_serial_comms.o(i.VL53L0X_write_byte)
    VL53L0X_write_multi                      0x08003197   Thumb Code    26  vl53l0x_i2c_win_serial_comms.o(i.VL53L0X_write_multi)
    VL53L0X_write_word                       0x080031b1   Thumb Code    56  vl53l0x_i2c_win_serial_comms.o(i.VL53L0X_write_word)
    VL53L0x_Init                             0x080031e9   Thumb Code   172  vl53l0x.o(i.VL53L0x_Init)
    VL53L1_single_test                       0x080032d9   Thumb Code   156  vl53l0x.o(i.VL53L1_single_test)
    VL_IIC_Ack                               0x080033fd   Thumb Code    56  i2c_dup.o(i.VL_IIC_Ack)
    VL_IIC_NAck                              0x0800343d   Thumb Code    56  i2c_dup.o(i.VL_IIC_NAck)
    VL_IIC_Read_Byte                         0x0800347d   Thumb Code   100  i2c_dup.o(i.VL_IIC_Read_Byte)
    VL_IIC_Read_nByte                        0x080034e9   Thumb Code   100  i2c_dup.o(i.VL_IIC_Read_nByte)
    VL_IIC_Send_Byte                         0x0800354d   Thumb Code    94  i2c_dup.o(i.VL_IIC_Send_Byte)
    VL_IIC_Start                             0x080035b5   Thumb Code    56  i2c_dup.o(i.VL_IIC_Start)
    VL_IIC_Stop                              0x080035f5   Thumb Code    58  i2c_dup.o(i.VL_IIC_Stop)
    VL_IIC_Wait_Ack                          0x08003639   Thumb Code    78  i2c_dup.o(i.VL_IIC_Wait_Ack)
    VL_IIC_Write_nByte                       0x08003691   Thumb Code    70  i2c_dup.o(i.VL_IIC_Write_nByte)
    __0printf$8                              0x080036d9   Thumb Code    22  printf8.o(i.__0printf$8)
    __1printf$8                              0x080036d9   Thumb Code     0  printf8.o(i.__0printf$8)
    __2printf                                0x080036d9   Thumb Code     0  printf8.o(i.__0printf$8)
    __scatterload_copy                       0x08003719   Thumb Code    14  handlers.o(i.__scatterload_copy)
    __scatterload_null                       0x08003727   Thumb Code     2  handlers.o(i.__scatterload_null)
    __scatterload_zeroinit                   0x08003729   Thumb Code    14  handlers.o(i.__scatterload_zeroinit)
    delay_ms                                 0x08003b9b   Thumb Code    26  delay.o(i.delay_ms)
    delay_us                                 0x08003bb5   Thumb Code    48  delay.o(i.delay_us)
    enable_ref_spads                         0x08003be9   Thumb Code   148  vl53l0x_api_calibration.o(i.enable_ref_spads)
    enable_spad_bit                          0x08003c7d   Thumb Code    42  vl53l0x_api_calibration.o(i.enable_spad_bit)
    fputc                                    0x08003ca9   Thumb Code    20  usart.o(i.fputc)
    get_next_good_spad                       0x08003cc1   Thumb Code    92  vl53l0x_api_calibration.o(i.get_next_good_spad)
    get_ref_spad_map                         0x08003d1d   Thumb Code    10  vl53l0x_api_calibration.o(i.get_ref_spad_map)
    get_sequence_step_timeout                0x08003d27   Thumb Code   242  vl53l0x_api_core.o(i.get_sequence_step_timeout)
    is_aperture                              0x08003e19   Thumb Code    20  vl53l0x_api_calibration.o(i.is_aperture)
    main                                     0x08003e31   Thumb Code    78  main.o(i.main)
    perform_ref_signal_measurement           0x08003ec1   Thumb Code   100  vl53l0x_api_calibration.o(i.perform_ref_signal_measurement)
    print_pal_error                          0x08003f25   Thumb Code    26  vl53l0x.o(i.print_pal_error)
    sequence_step_enabled                    0x08003f59   Thumb Code    56  vl53l0x_api.o(i.sequence_step_enabled)
    set_ref_spad_map                         0x08003f91   Thumb Code    10  vl53l0x_api_calibration.o(i.set_ref_spad_map)
    set_sequence_step_timeout                0x08003f9b   Thumb Code   258  vl53l0x_api_core.o(i.set_sequence_step_timeout)
    vl53l0x_Addr_set                         0x0800409d   Thumb Code   124  vl53l0x.o(i.vl53l0x_Addr_set)
    AHBPrescTable                            0x08004124   Data          16  system_stm32f1xx.o(.constdata)
    APBPrescTable                            0x08004134   Data           8  system_stm32f1xx.o(.constdata)
    Region$$Table$$Base                      0x0800413c   Number         0  anon$$obj.o(Region$$Table)
    Region$$Table$$Limit                     0x0800415c   Number         0  anon$$obj.o(Region$$Table)
    Distance                                 0x20000000   Data           2  main.o(.data)
    uwTickFreq                               0x20000004   Data           1  stm32f1xx_hal.o(.data)
    uwTickPrio                               0x20000008   Data           4  stm32f1xx_hal.o(.data)
    uwTick                                   0x2000000c   Data           4  stm32f1xx_hal.o(.data)
    SystemCoreClock                          0x20000010   Data           4  system_stm32f1xx.o(.data)
    DefaultTuningSettings                    0x20000014   Data         243  vl53l0x_api.o(.data)
    InterruptThresholdSettings               0x20000107   Data         438  vl53l0x_api.o(.data)
    refArrayQuadrants                        0x200002c0   Data          16  vl53l0x_api_calibration.o(.data)
    __stdout                                 0x200002d4   Data           4  stdout.o(.data)
    VL53L0x_dev                              0x200002d8   Data         352  main.o(.bss)
    VL53L0x_data                             0x20000438   Data          28  main.o(.bss)
    huart1                                   0x20000454   Data          64  usart.o(.bss)
    __initial_sp                             0x20000898   Data           0  startup_stm32f103xe.o(STACK)



==============================================================================

Memory Map of the image

  Image Entry point : 0x08000131

  Load Region LR_IROM1 (Base: 0x08000000, Size: 0x00004434, Max: 0x00080000, ABSOLUTE, COMPRESSED[0x000043f0])

    Execution Region ER_IROM1 (Exec base: 0x08000000, Load base: 0x08000000, Size: 0x0000415c, Max: 0x00080000, ABSOLUTE)

    Exec Addr    Load Addr    Size         Type   Attr      Idx    E Section Name        Object

    0x08000000   0x08000000   0x00000130   Data   RO            3    RESET               startup_stm32f103xe.o
    0x08000130   0x08000130   0x00000000   Code   RO         3220  * .ARM.Collect$$$$00000000  mc_w.l(entry.o)
    0x08000130   0x08000130   0x00000004   Code   RO         3494    .ARM.Collect$$$$00000001  mc_w.l(entry2.o)
    0x08000134   0x08000134   0x00000004   Code   RO         3497    .ARM.Collect$$$$00000004  mc_w.l(entry5.o)
    0x08000138   0x08000138   0x00000000   Code   RO         3499    .ARM.Collect$$$$00000008  mc_w.l(entry7b.o)
    0x08000138   0x08000138   0x00000000   Code   RO         3501    .ARM.Collect$$$$0000000A  mc_w.l(entry8b.o)
    0x08000138   0x08000138   0x00000008   Code   RO         3502    .ARM.Collect$$$$0000000B  mc_w.l(entry9a.o)
    0x08000140   0x08000140   0x00000000   Code   RO         3504    .ARM.Collect$$$$0000000D  mc_w.l(entry10a.o)
    0x08000140   0x08000140   0x00000000   Code   RO         3506    .ARM.Collect$$$$0000000F  mc_w.l(entry11a.o)
    0x08000140   0x08000140   0x00000004   Code   RO         3495    .ARM.Collect$$$$00002712  mc_w.l(entry2.o)
    0x08000144   0x08000144   0x00000024   Code   RO            4    .text               startup_stm32f103xe.o
    0x08000168   0x08000168   0x00000020   Code   RO         3223    .text               mc_w.l(llushr.o)
    0x08000188   0x08000188   0x00000024   Code   RO         3225    .text               mc_w.l(memcpya.o)
    0x080001ac   0x080001ac   0x00000024   Code   RO         3227    .text               mc_w.l(memseta.o)
    0x080001d0   0x080001d0   0x00000012   Code   RO         3229    .text               mc_w.l(strcpy.o)
    0x080001e2   0x080001e2   0x00000062   Code   RO         3511    .text               mc_w.l(uldiv.o)
    0x08000244   0x08000244   0x00000024   Code   RO         3524    .text               mc_w.l(init.o)
    0x08000268   0x08000268   0x0000001e   Code   RO         3526    .text               mc_w.l(llshl.o)
    0x08000286   0x08000286   0x0000005e   Code   RO         3540    .text               mc_w.l(__dclz77c.o)
    0x080002e4   0x080002e4   0x00000002   Code   RO          264    i.BusFault_Handler  stm32f1xx_it.o
    0x080002e6   0x080002e6   0x00000002   Code   RO          265    i.DebugMon_Handler  stm32f1xx_it.o
    0x080002e8   0x080002e8   0x00000002   Code   RO           13    i.Error_Handler     main.o
    0x080002ea   0x080002ea   0x00000002   PAD
    0x080002ec   0x080002ec   0x00000024   Code   RO          763    i.HAL_Delay         stm32f1xx_hal.o
    0x08000310   0x08000310   0x000001f8   Code   RO         1071    i.HAL_GPIO_Init     stm32f1xx_hal_gpio.o
    0x08000508   0x08000508   0x0000000a   Code   RO         1075    i.HAL_GPIO_WritePin  stm32f1xx_hal_gpio.o
    0x08000512   0x08000512   0x00000002   PAD
    0x08000514   0x08000514   0x0000000c   Code   RO          767    i.HAL_GetTick       stm32f1xx_hal.o
    0x08000520   0x08000520   0x00000010   Code   RO          773    i.HAL_IncTick       stm32f1xx_hal.o
    0x08000530   0x08000530   0x00000024   Code   RO          774    i.HAL_Init          stm32f1xx_hal.o
    0x08000554   0x08000554   0x00000040   Code   RO          775    i.HAL_InitTick      stm32f1xx_hal.o
    0x08000594   0x08000594   0x0000003c   Code   RO          339    i.HAL_MspInit       stm32f1xx_hal_msp.o
    0x080005d0   0x080005d0   0x00000040   Code   RO         1237    i.HAL_NVIC_SetPriority  stm32f1xx_hal_cortex.o
    0x08000610   0x08000610   0x00000024   Code   RO         1238    i.HAL_NVIC_SetPriorityGrouping  stm32f1xx_hal_cortex.o
    0x08000634   0x08000634   0x0000012c   Code   RO          931    i.HAL_RCC_ClockConfig  stm32f1xx_hal_rcc.o
    0x08000760   0x08000760   0x00000020   Code   RO          938    i.HAL_RCC_GetPCLK1Freq  stm32f1xx_hal_rcc.o
    0x08000780   0x08000780   0x00000020   Code   RO          939    i.HAL_RCC_GetPCLK2Freq  stm32f1xx_hal_rcc.o
    0x080007a0   0x080007a0   0x0000006c   Code   RO          940    i.HAL_RCC_GetSysClockFreq  stm32f1xx_hal_rcc.o
    0x0800080c   0x0800080c   0x00000320   Code   RO          943    i.HAL_RCC_OscConfig  stm32f1xx_hal_rcc.o
    0x08000b2c   0x08000b2c   0x00000028   Code   RO         1242    i.HAL_SYSTICK_Config  stm32f1xx_hal_cortex.o
    0x08000b54   0x08000b54   0x00000062   Code   RO          460    i.HAL_UART_Init     stm32f1xx_hal_uart.o
    0x08000bb6   0x08000bb6   0x00000002   PAD
    0x08000bb8   0x08000bb8   0x00000070   Code   RO          213    i.HAL_UART_MspInit  usart.o
    0x08000c28   0x08000c28   0x000000b2   Code   RO          468    i.HAL_UART_Transmit  stm32f1xx_hal_uart.o
    0x08000cda   0x08000cda   0x00000002   Code   RO          266    i.HardFault_Handler  stm32f1xx_it.o
    0x08000cdc   0x08000cdc   0x00000088   Code   RO          188    i.MX_GPIO_Init      gpio.o
    0x08000d64   0x08000d64   0x00000038   Code   RO          214    i.MX_USART1_UART_Init  usart.o
    0x08000d9c   0x08000d9c   0x00000002   Code   RO          267    i.MemManage_Handler  stm32f1xx_it.o
    0x08000d9e   0x08000d9e   0x00000002   Code   RO          268    i.NMI_Handler       stm32f1xx_it.o
    0x08000da0   0x08000da0   0x00000002   Code   RO          269    i.PendSV_Handler    stm32f1xx_it.o
    0x08000da2   0x08000da2   0x00000002   Code   RO          270    i.SVC_Handler       stm32f1xx_it.o
    0x08000da4   0x08000da4   0x00000004   Code   RO          271    i.SysTick_Handler   stm32f1xx_it.o
    0x08000da8   0x08000da8   0x00000042   Code   RO           14    i.SystemClock_Config  main.o
    0x08000dea   0x08000dea   0x00000002   Code   RO         1732    i.SystemInit        system_stm32f1xx.o
    0x08000dec   0x08000dec   0x000000b8   Code   RO          486    i.UART_SetConfig    stm32f1xx_hal_uart.o
    0x08000ea4   0x08000ea4   0x00000064   Code   RO          487    i.UART_WaitOnFlagUntilTimeout  stm32f1xx_hal_uart.o
    0x08000f08   0x08000f08   0x00000002   Code   RO          272    i.UsageFault_Handler  stm32f1xx_it.o
    0x08000f0a   0x08000f0a   0x00000002   PAD
    0x08000f0c   0x08000f0c   0x0000007c   Code   RO         1931    i.VL53L0X_CheckAndLoadInterruptSettings  vl53l0x_api.o
    0x08000f88   0x08000f88   0x0000004c   Code   RO         1932    i.VL53L0X_ClearInterruptMask  vl53l0x_api.o
    0x08000fd4   0x08000fd4   0x0000018c   Code   RO         1933    i.VL53L0X_DataInit  vl53l0x_api.o
    0x08001160   0x08001160   0x00000080   Code   RO         1939    i.VL53L0X_GetDeviceParameters  vl53l0x_api.o
    0x080011e0   0x080011e0   0x0000001a   Code   RO         1941    i.VL53L0X_GetFractionEnable  vl53l0x_api.o
    0x080011fa   0x080011fa   0x00000036   Code   RO         1945    i.VL53L0X_GetInterMeasurementPeriodMilliSeconds  vl53l0x_api.o
    0x08001230   0x08001230   0x00000022   Code   RO         1946    i.VL53L0X_GetInterruptMaskStatus  vl53l0x_api.o
    0x08001252   0x08001252   0x00000034   Code   RO         1947    i.VL53L0X_GetInterruptThresholds  vl53l0x_api.o
    0x08001286   0x08001286   0x00000018   Code   RO         1949    i.VL53L0X_GetLimitCheckEnable  vl53l0x_api.o
    0x0800129e   0x0800129e   0x00000002   PAD
    0x080012a0   0x080012a0   0x0000007a   Code   RO         1952    i.VL53L0X_GetLimitCheckValue  vl53l0x_api.o
    0x0800131a   0x0800131a   0x0000003a   Code   RO         1955    i.VL53L0X_GetMeasurementDataReady  vl53l0x_api.o
    0x08001354   0x08001354   0x00000004   Code   RO         1957    i.VL53L0X_GetMeasurementTimingBudgetMicroSeconds  vl53l0x_api.o
    0x08001358   0x08001358   0x00000004   Code   RO         1961    i.VL53L0X_GetOffsetCalibrationDataMicroMeter  vl53l0x_api.o
    0x0800135c   0x0800135c   0x00000004   Code   RO         1962    i.VL53L0X_GetPalErrorString  vl53l0x_api.o
    0x08001360   0x08001360   0x0000012c   Code   RO         1969    i.VL53L0X_GetRangingMeasurementData  vl53l0x_api.o
    0x0800148c   0x0800148c   0x00000072   Code   RO         1973    i.VL53L0X_GetSequenceStepEnables  vl53l0x_api.o
    0x080014fe   0x080014fe   0x00000004   Code   RO         1982    i.VL53L0X_GetVcselPulsePeriod  vl53l0x_api.o
    0x08001502   0x08001502   0x0000002c   Code   RO         1984    i.VL53L0X_GetWrapAroundCheckEnable  vl53l0x_api.o
    0x0800152e   0x0800152e   0x0000000a   Code   RO         1985    i.VL53L0X_GetXTalkCompensationEnable  vl53l0x_api.o
    0x08001538   0x08001538   0x0000002c   Code   RO         1986    i.VL53L0X_GetXTalkCompensationRateMegaCps  vl53l0x_api.o
    0x08001564   0x08001564   0x00000006   Code   RO         1988    i.VL53L0X_PerformRefCalibration  vl53l0x_api.o
    0x0800156a   0x0800156a   0x00000004   Code   RO         1989    i.VL53L0X_PerformRefSpadManagement  vl53l0x_api.o
    0x0800156e   0x0800156e   0x00000022   Code   RO         1991    i.VL53L0X_PerformSingleMeasurement  vl53l0x_api.o
    0x08001590   0x08001590   0x00000034   Code   RO         1992    i.VL53L0X_PerformSingleRangingMeasurement  vl53l0x_api.o
    0x080015c4   0x080015c4   0x00000004   Code   RO         1854    i.VL53L0X_PollingDelay  vl53l0x_platform.o
    0x080015c8   0x080015c8   0x00000016   Code   RO         1855    i.VL53L0X_RdByte    vl53l0x_platform.o
    0x080015de   0x080015de   0x00000016   Code   RO         1856    i.VL53L0X_RdDWord   vl53l0x_platform.o
    0x080015f4   0x080015f4   0x00000016   Code   RO         1857    i.VL53L0X_RdWord    vl53l0x_platform.o
    0x0800160a   0x0800160a   0x0000001c   Code   RO         1858    i.VL53L0X_ReadMulti  vl53l0x_platform.o
    0x08001626   0x08001626   0x00000008   Code   RO         1996    i.VL53L0X_SetDeviceAddress  vl53l0x_api.o
    0x0800162e   0x0800162e   0x00000024   Code   RO         1997    i.VL53L0X_SetDeviceMode  vl53l0x_api.o
    0x08001652   0x08001652   0x00000138   Code   RO         2000    i.VL53L0X_SetGpioConfig  vl53l0x_api.o
    0x0800178a   0x0800178a   0x00000002   PAD
    0x0800178c   0x0800178c   0x00000082   Code   RO         2005    i.VL53L0X_SetLimitCheckEnable  vl53l0x_api.o
    0x0800180e   0x0800180e   0x00000050   Code   RO         2006    i.VL53L0X_SetLimitCheckValue  vl53l0x_api.o
    0x0800185e   0x0800185e   0x00000004   Code   RO         2008    i.VL53L0X_SetMeasurementTimingBudgetMicroSeconds  vl53l0x_api.o
    0x08001862   0x08001862   0x000000ae   Code   RO         2015    i.VL53L0X_SetSequenceStepEnable  vl53l0x_api.o
    0x08001910   0x08001910   0x000000d4   Code   RO         2024    i.VL53L0X_StartMeasurement  vl53l0x_api.o
    0x080019e4   0x080019e4   0x00000174   Code   RO         2025    i.VL53L0X_StaticInit  vl53l0x_api.o
    0x08001b58   0x08001b58   0x00000042   Code   RO         1860    i.VL53L0X_UpdateByte  vl53l0x_platform.o
    0x08001b9a   0x08001b9a   0x00000016   Code   RO         1861    i.VL53L0X_WrByte    vl53l0x_platform.o
    0x08001bb0   0x08001bb0   0x00000016   Code   RO         1863    i.VL53L0X_WrWord    vl53l0x_platform.o
    0x08001bc6   0x08001bc6   0x0000001c   Code   RO         1864    i.VL53L0X_WriteMulti  vl53l0x_platform.o
    0x08001be2   0x08001be2   0x00000002   PAD
    0x08001be4   0x08001be4   0x000000d8   Code   RO         2684    i.VL53L0X_calc_dmax  vl53l0x_api_core.o
    0x08001cbc   0x08001cbc   0x00000010   Code   RO         2685    i.VL53L0X_calc_macro_period_ps  vl53l0x_api_core.o
    0x08001ccc   0x08001ccc   0x00000228   Code   RO         2686    i.VL53L0X_calc_sigma_estimate  vl53l0x_api_core.o
    0x08001ef4   0x08001ef4   0x00000022   Code   RO         2687    i.VL53L0X_calc_timeout_mclks  vl53l0x_api_core.o
    0x08001f16   0x08001f16   0x00000022   Code   RO         2688    i.VL53L0X_calc_timeout_us  vl53l0x_api_core.o
    0x08001f38   0x08001f38   0x0000000c   Code   RO         2689    i.VL53L0X_decode_timeout  vl53l0x_api_core.o
    0x08001f44   0x08001f44   0x00000008   Code   RO         2690    i.VL53L0X_decode_vcsel_period  vl53l0x_api_core.o
    0x08001f4c   0x08001f4c   0x0000004a   Code   RO         2691    i.VL53L0X_device_read_strobe  vl53l0x_api_core.o
    0x08001f96   0x08001f96   0x0000001e   Code   RO         2692    i.VL53L0X_encode_timeout  vl53l0x_api_core.o
    0x08001fb4   0x08001fb4   0x00000528   Code   RO         2694    i.VL53L0X_get_info_from_device  vl53l0x_api_core.o
    0x080024dc   0x080024dc   0x000000c4   Code   RO         2695    i.VL53L0X_get_measurement_timing_budget_micro_seconds  vl53l0x_api_core.o
    0x080025a0   0x080025a0   0x00000032   Code   RO         2541    i.VL53L0X_get_offset_calibration_data_micro_meter  vl53l0x_api_calibration.o
    0x080025d2   0x080025d2   0x00000002   PAD
    0x080025d4   0x080025d4   0x00000250   Code   RO         2841    i.VL53L0X_get_pal_error_string  vl53l0x_api_strings.o
    0x08002824   0x08002824   0x000001e6   Code   RO         2696    i.VL53L0X_get_pal_range_status  vl53l0x_api_core.o
    0x08002a0a   0x08002a0a   0x0000001c   Code   RO         2697    i.VL53L0X_get_total_signal_rate  vl53l0x_api_core.o
    0x08002a26   0x08002a26   0x0000002e   Code   RO         2698    i.VL53L0X_get_total_xtalk_rate  vl53l0x_api_core.o
    0x08002a54   0x08002a54   0x00000030   Code   RO         2699    i.VL53L0X_get_vcsel_pulse_period  vl53l0x_api_core.o
    0x08002a84   0x08002a84   0x0000002a   Code   RO         2700    i.VL53L0X_isqrt     vl53l0x_api_core.o
    0x08002aae   0x08002aae   0x00000002   PAD
    0x08002ab0   0x08002ab0   0x000000a4   Code   RO         2701    i.VL53L0X_load_tuning_settings  vl53l0x_api_core.o
    0x08002b54   0x08002b54   0x00000036   Code   RO         2702    i.VL53L0X_measurement_poll_for_completion  vl53l0x_api_core.o
    0x08002b8a   0x08002b8a   0x00000074   Code   RO         2545    i.VL53L0X_perform_phase_calibration  vl53l0x_api_calibration.o
    0x08002bfe   0x08002bfe   0x00000040   Code   RO         2546    i.VL53L0X_perform_ref_calibration  vl53l0x_api_calibration.o
    0x08002c3e   0x08002c3e   0x0000021e   Code   RO         2547    i.VL53L0X_perform_ref_spad_management  vl53l0x_api_calibration.o
    0x08002e5c   0x08002e5c   0x00000038   Code   RO         2548    i.VL53L0X_perform_single_ref_calibration  vl53l0x_api_calibration.o
    0x08002e94   0x08002e94   0x00000074   Code   RO         2549    i.VL53L0X_perform_vhv_calibration  vl53l0x_api_calibration.o
    0x08002f08   0x08002f08   0x00000006   Code   RO         2901    i.VL53L0X_read_byte  vl53l0x_i2c_win_serial_comms.o
    0x08002f0e   0x08002f0e   0x0000002c   Code   RO         2903    i.VL53L0X_read_dword  vl53l0x_i2c_win_serial_comms.o
    0x08002f3a   0x08002f3a   0x0000001a   Code   RO         2905    i.VL53L0X_read_multi  vl53l0x_i2c_win_serial_comms.o
    0x08002f54   0x08002f54   0x0000001c   Code   RO         2907    i.VL53L0X_read_word  vl53l0x_i2c_win_serial_comms.o
    0x08002f70   0x08002f70   0x000000b2   Code   RO         2551    i.VL53L0X_ref_calibration_io  vl53l0x_api_calibration.o
    0x08003022   0x08003022   0x000000c2   Code   RO         2705    i.VL53L0X_set_measurement_timing_budget_micro_seconds  vl53l0x_api_core.o
    0x080030e4   0x080030e4   0x000000a6   Code   RO         2554    i.VL53L0X_set_reference_spads  vl53l0x_api_calibration.o
    0x0800318a   0x0800318a   0x0000000c   Code   RO         2912    i.VL53L0X_write_byte  vl53l0x_i2c_win_serial_comms.o
    0x08003196   0x08003196   0x0000001a   Code   RO         2916    i.VL53L0X_write_multi  vl53l0x_i2c_win_serial_comms.o
    0x080031b0   0x080031b0   0x00000038   Code   RO         2918    i.VL53L0X_write_word  vl53l0x_i2c_win_serial_comms.o
    0x080031e8   0x080031e8   0x000000f0   Code   RO         3175    i.VL53L0x_Init      vl53l0x.o
    0x080032d8   0x080032d8   0x00000124   Code   RO         3176    i.VL53L1_single_test  vl53l0x.o
    0x080033fc   0x080033fc   0x00000040   Code   RO         1769    i.VL_IIC_Ack        i2c_dup.o
    0x0800343c   0x0800343c   0x00000040   Code   RO         1770    i.VL_IIC_NAck       i2c_dup.o
    0x0800347c   0x0800347c   0x0000006c   Code   RO         1772    i.VL_IIC_Read_Byte  i2c_dup.o
    0x080034e8   0x080034e8   0x00000064   Code   RO         1773    i.VL_IIC_Read_nByte  i2c_dup.o
    0x0800354c   0x0800354c   0x00000068   Code   RO         1774    i.VL_IIC_Send_Byte  i2c_dup.o
    0x080035b4   0x080035b4   0x00000040   Code   RO         1775    i.VL_IIC_Start      i2c_dup.o
    0x080035f4   0x080035f4   0x00000044   Code   RO         1776    i.VL_IIC_Stop       i2c_dup.o
    0x08003638   0x08003638   0x00000058   Code   RO         1777    i.VL_IIC_Wait_Ack   i2c_dup.o
    0x08003690   0x08003690   0x00000046   Code   RO         1779    i.VL_IIC_Write_nByte  i2c_dup.o
    0x080036d6   0x080036d6   0x00000002   PAD
    0x080036d8   0x080036d8   0x00000020   Code   RO         3440    i.__0printf$8       mc_w.l(printf8.o)
    0x080036f8   0x080036f8   0x00000020   Code   RO         1244    i.__NVIC_SetPriority  stm32f1xx_hal_cortex.o
    0x08003718   0x08003718   0x0000000e   Code   RO         3534    i.__scatterload_copy  mc_w.l(handlers.o)
    0x08003726   0x08003726   0x00000002   Code   RO         3535    i.__scatterload_null  mc_w.l(handlers.o)
    0x08003728   0x08003728   0x0000000e   Code   RO         3536    i.__scatterload_zeroinit  mc_w.l(handlers.o)
    0x08003736   0x08003736   0x00000002   PAD
    0x08003738   0x08003738   0x00000410   Code   RO         3447    i._printf_core      mc_w.l(printf8.o)
    0x08003b48   0x08003b48   0x00000024   Code   RO         3448    i._printf_post_padding  mc_w.l(printf8.o)
    0x08003b6c   0x08003b6c   0x0000002e   Code   RO         3449    i._printf_pre_padding  mc_w.l(printf8.o)
    0x08003b9a   0x08003b9a   0x0000001a   Code   RO         3135    i.delay_ms          delay.o
    0x08003bb4   0x08003bb4   0x00000034   Code   RO         3136    i.delay_us          delay.o
    0x08003be8   0x08003be8   0x00000094   Code   RO         2556    i.enable_ref_spads  vl53l0x_api_calibration.o
    0x08003c7c   0x08003c7c   0x0000002a   Code   RO         2557    i.enable_spad_bit   vl53l0x_api_calibration.o
    0x08003ca6   0x08003ca6   0x00000002   PAD
    0x08003ca8   0x08003ca8   0x00000018   Code   RO          215    i.fputc             usart.o
    0x08003cc0   0x08003cc0   0x0000005c   Code   RO         2558    i.get_next_good_spad  vl53l0x_api_calibration.o
    0x08003d1c   0x08003d1c   0x0000000a   Code   RO         2559    i.get_ref_spad_map  vl53l0x_api_calibration.o
    0x08003d26   0x08003d26   0x000000f2   Code   RO         2707    i.get_sequence_step_timeout  vl53l0x_api_core.o
    0x08003e18   0x08003e18   0x00000018   Code   RO         2560    i.is_aperture       vl53l0x_api_calibration.o
    0x08003e30   0x08003e30   0x00000090   Code   RO           15    i.main              main.o
    0x08003ec0   0x08003ec0   0x00000064   Code   RO         2561    i.perform_ref_signal_measurement  vl53l0x_api_calibration.o
    0x08003f24   0x08003f24   0x00000034   Code   RO         3177    i.print_pal_error   vl53l0x.o
    0x08003f58   0x08003f58   0x00000038   Code   RO         2029    i.sequence_step_enabled  vl53l0x_api.o
    0x08003f90   0x08003f90   0x0000000a   Code   RO         2562    i.set_ref_spad_map  vl53l0x_api_calibration.o
    0x08003f9a   0x08003f9a   0x00000102   Code   RO         2708    i.set_sequence_step_timeout  vl53l0x_api_core.o
    0x0800409c   0x0800409c   0x00000088   Code   RO         3178    i.vl53l0x_Addr_set  vl53l0x.o
    0x08004124   0x08004124   0x00000010   Data   RO         1733    .constdata          system_stm32f1xx.o
    0x08004134   0x08004134   0x00000008   Data   RO         1734    .constdata          system_stm32f1xx.o
    0x0800413c   0x0800413c   0x00000020   Data   RO         3532    Region$$Table       anon$$obj.o


    Execution Region RW_IRAM1 (Exec base: 0x20000000, Load base: 0x0800415c, Size: 0x00000898, Max: 0x00010000, ABSOLUTE, COMPRESSED[0x00000294])

    Exec Addr    Load Addr    Size         Type   Attr      Idx    E Section Name        Object

    0x20000000   COMPRESSED   0x00000002   Data   RW           17    .data               main.o
    0x20000002   COMPRESSED   0x00000002   PAD
    0x20000004   COMPRESSED   0x0000000c   Data   RW          781    .data               stm32f1xx_hal.o
    0x20000010   COMPRESSED   0x00000004   Data   RW         1735    .data               system_stm32f1xx.o
    0x20000014   COMPRESSED   0x000002a9   Data   RW         2030    .data               vl53l0x_api.o
    0x200002bd   COMPRESSED   0x00000003   PAD
    0x200002c0   COMPRESSED   0x00000010   Data   RW         2563    .data               vl53l0x_api_calibration.o
    0x200002d0   COMPRESSED   0x00000004   Data   RW         3137    .data               delay.o
    0x200002d4   COMPRESSED   0x00000004   Data   RW         3508    .data               mc_w.l(stdout.o)
    0x200002d8        -       0x0000017c   Zero   RW           16    .bss                main.o
    0x20000454        -       0x00000040   Zero   RW          216    .bss                usart.o
    0x20000494   COMPRESSED   0x00000004   PAD
    0x20000498        -       0x00000400   Zero   RW            1    STACK               startup_stm32f103xe.o


==============================================================================

Image component sizes


      Code (inc. data)   RO Data    RW Data    ZI Data      Debug   Object Name

        78          4          0          4          0       1282   delay.o
       136         14          0          0          0        855   gpio.o
       730         62          0          0          0       5397   i2c_dup.o
       212         66          0          2        380     471560   main.o
        36          8        304          0       1024        796   startup_stm32f103xe.o
       164         28          0         12          0       6457   stm32f1xx_hal.o
       172         14          0          0          0      28266   stm32f1xx_hal_cortex.o
       514         42          0          0          0       2884   stm32f1xx_hal_gpio.o
        60          8          0          0          0        838   stm32f1xx_hal_msp.o
      1272        100          0          0          0       5156   stm32f1xx_hal_rcc.o
       560          6          0          0          0       3948   stm32f1xx_hal_uart.o
        20          0          0          0          0       3734   stm32f1xx_it.o
         2          0         24          4          0       1075   system_stm32f1xx.o
       192         24          0          0         64       3450   usart.o
       720        242          0          0          0       3250   vl53l0x.o
      3102         64          0        681          0      28873   vl53l0x_api.o
      1714          4          0         16          0      15601   vl53l0x_api_calibration.o
      4054         18          0          0          0      24216   vl53l0x_api_core.o
       592        424          0          0          0        855   vl53l0x_api_strings.o
       198          0          0          0          0       5947   vl53l0x_i2c_win_serial_comms.o
       236          0          0          0          0       7083   vl53l0x_platform.o

    ----------------------------------------------------------------------
     14786       1128        360        724       1472     621523   Object Totals
         0          0         32          0          0          0   (incl. Generated)
        22          0          0          5          4          0   (incl. Padding)

    ----------------------------------------------------------------------

      Code (inc. data)   RO Data    RW Data    ZI Data      Debug   Library Member Name

        94          0          0          0          0          0   __dclz77c.o
         0          0          0          0          0          0   entry.o
         0          0          0          0          0          0   entry10a.o
         0          0          0          0          0          0   entry11a.o
         8          4          0          0          0          0   entry2.o
         4          0          0          0          0          0   entry5.o
         0          0          0          0          0          0   entry7b.o
         0          0          0          0          0          0   entry8b.o
         8          4          0          0          0          0   entry9a.o
        30          0          0          0          0          0   handlers.o
        36          8          0          0          0         68   init.o
        30          0          0          0          0         68   llshl.o
        32          0          0          0          0         68   llushr.o
        36          0          0          0          0         68   memcpya.o
        36          0          0          0          0        108   memseta.o
      1154         54          0          0          0        352   printf8.o
         0          0          0          4          0          0   stdout.o
        18          0          0          0          0         68   strcpy.o
        98          0          0          0          0         92   uldiv.o

    ----------------------------------------------------------------------
      1586         70          0          4          0        892   Library Totals
         2          0          0          0          0          0   (incl. Padding)

    ----------------------------------------------------------------------

      Code (inc. data)   RO Data    RW Data    ZI Data      Debug   Library Name

      1584         70          0          4          0        892   mc_w.l

    ----------------------------------------------------------------------
      1586         70          0          4          0        892   Library Totals

    ----------------------------------------------------------------------

==============================================================================


      Code (inc. data)   RO Data    RW Data    ZI Data      Debug   

     16372       1198        360        728       1472     615211   Grand Totals
     16372       1198        360        660       1472     615211   ELF Image Totals (compressed)
     16372       1198        360        660          0          0   ROM Totals

==============================================================================

    Total RO  Size (Code + RO Data)                16732 (  16.34kB)
    Total RW  Size (RW Data + ZI Data)              2200 (   2.15kB)
    Total ROM Size (Code + RO Data + RW Data)      17392 (  16.98kB)

==============================================================================

